270_readAdcRaw: raw24=0x000000 offset=-8388608
  max11270_readAdcRaw: raw24=0x000000 offset=-8388608
  max11270_readAdcRaw: raw24=0x000000 offset=-8388608
  max11270_readAdcRaw: raw24=0x000000 offset=-8388608
  max11270_readAdcRaw: raw24=0x000000 offset=-8388608
  max11270_readAdcRaw: raw24=0x000000 offset=-8388608
  max11270_readAdcRaw: raw24=0x000000 offset=-8388608
  max11270_readAdcRaw: raw24=0x000000 offset=-8388608
  max11270_readAdcRaw: raw24=0x000000 offset=-8388608
Load cell tare: -8388608 raw counts (from 10/10 samples)
WiFi connecting.... connected
WiFi IP: 192.168.4.101
Initializing micro-ROS...
Pinging agent at 192.168.4.100:8888 ...
Waiting for micro-ROS agent Agent found after 0 pings!
Node created
Loadcell publisher created on topic: loadcell_data
micro-ROS connected
Periodic register check (current contents, not a rewrite):
  CTRL1 = 0x4B
  CTRL2 = 0x08
  CTRL5 = 0x0F
  STAT  = 0x3007
  max11270_readAdcRaw: raw24=0x000000 offset=-8388608
  max11270_readAdcRaw: raw24=0x000000 offset=-8388608
  max11270_readAdcRaw: raw24=0x000000 offset=-8388608
  max11270_readAdcRaw: raw24=0x000000 offset=-8388608
  max11270_readAdcRaw: raw24=0x000000 offset=-8388608
  max11270_readAdcRaw: raw24=0x000000 offset=-8388608
  max11270_readAdcRaw: raw24=0x000000 offset=-8388608
  max11270_readAdcRaw: raw24=0x000000 offset=-8388608
  max11270_readAdcRaw: raw24=0x000000 offset=-8388608
  max11270_readAdcRaw: raw24=0x000000 offset=-8388608
  max11270_readAdcRaw: raw24=0x000000 offset=-8388608
  max11270_readAdcRaw: raw24=0x000000 offset=-8388608
  max11270_readAdcRaw: raw24=0x000000 offset=-8388608
  max11270_readAdcRaw: raw24=0x000000 offset=-8388608
  max11270_readAdcRaw: raw24=0x000000 offset=-8388608
  max11270_readAdcRaw: raw24=0x000000 offset=-8388608
  max11270_readAdcRaw: raw24=0x000000 offset=-8388608
  max11270_readAdcRaw: raw24=0x000000 offset=-8388608
  max11270_readAdcRaw: raw24=0x000000 offset=-8388608
  max11270_readAdcRaw: raw24=0x000000 offset=-8388608
  max11270_readAdcRaw: raw24=0x000000 offset=-8388608
  max11270_readAdcRaw: raw24=0x000000 offset=-8388608
  max11270_readAdcRaw: raw24=0x000000 offset=-8388608
  max11270_readAdcRaw: raw24=0x000000 offset=-8388608
  max11270_readAdcRaw: raw24=0x000000 offset=-8388608
  max11270_readAdcRaw: raw24=0x000000 offset=-8388608
  max11270_readAdcRaw: raw24=0x000000 offset=-8388608
  max11270_readAdcRaw: raw24=0x000000 offset=-8388608
  max11270_readAdcRaw: raw24=0x000000 offset=-8388608
  max11270_readAdcRaw: raw24=0x000000 offset=-8388608
  max11270_readAdcRaw: raw24=0x000000 offset=-8388608
  max11270_readAdcRaw: raw24=0x000000 offset=-8388608
  max11270_readAdcRaw: raw24=0x000000 offset=-8388608
  max11270_readAdcRaw: raw24=0x000000 offset=-8388608
  max11270_readAdcRaw: raw24=0x000000 offset=-8388608
  max11270_readAdcRaw: raw24=0x000000 offset=-8388608
  max11270_readAdcRaw: raw24=0x000000 offset=-8388608
  max11270_readAdcRaw: raw24=0x000000 offset=-8388608
  max11270_readAdcRaw: raw24=0x000000 offset=-8388608
  max11270_readAdcRaw: raw24=0x000000 offset=-8388608
  max11270_readAdcRaw: raw24=0x000000 offset=-8388608
  max11270_readAdcRaw: raw24=0x000000 offset=-8388608
  max11270_readAdcRaw: raw24=0x000000 offset=-8388608
  max11270_readAdcRaw: raw24=0x000000 offset=-8388608
  max11270_readAdcRaw: raw24=0x000000 offset=-8388608
  max11270_readAdcRaw: raw24=0x000000 offset=-8388608
  max11270_readAdcRaw: raw24=0x000000 offset=-8388608
  max11270_readAdcRaw: raw24=0x000000 offset=-8388608
  max11270_readAdcRaw: raw24=0x000000 offset=-8388608
  max11270_readAdcRaw: raw24=0x000000 offset=-8388608
Periodic register check (current contents, not a rewrite):
  CTRL1 = 0x4B
  CTRL2 = 0x08
  CTRL5 = 0x0F
  STAT  = 0x3007
  max11270_readAdcRaw: raw24=0x000000 offset=-8388608
  max11270_readAdcRaw: raw24=0x000000 offset=-8388608
  max11270_readAdcRaw: raw24=0x000000 offset=-8388608
  max11270_readAdcRaw: raw24=0x000000 offset=-8388608
  max11270_readAdcRaw: raw24=0x000000 offset=-8388608
  max11270_readAdcRaw: raw24=0x000000 offset=-8388608
  max11270_readAdcRaw: raw24=0x000000 offset=-8388608
  max11270_readAdcRaw: raw24=0x000000 offset=-8388608
  max11270_readAdcRaw: raw24=0x000000 offset=-8388608
  max11270_readAdcRaw: raw24=0x000000 offset=-8388608
  max11270_readAdcRaw: raw24=0x000000 offset=-8388608
  max11270_readAdcRaw: raw24=0x000000 offset=-8388608
  max11270_readAdcRaw: raw24=0x000000 offset=-8388608
  max11270_readAdcRaw: raw24=0x000000 offset=-8388608
  max11270_readAdcRaw: raw24=0x000000 offset=-8388608
  max11270_readAdcRaw: raw24=0x000000 offset=-8388608
  max11270_readAdcRaw: raw24=0x000000 offset=-8388608
  max11270_readAdcRaw: raw24=0x000000 offset=-8388608
  max11270_readAdcRaw: raw24=0x000000 offset=-8388608
  max11270_readAdcRaw: raw24=0x000000 offset=-8388608
  max11270_readAdcRaw: raw24=0x000000 offset=-8388608
  max11270_readAdcRaw: raw24=0x000000 offset=-8388608
  max11270_readAdcRaw: raw24=0x000000 offset=-8388608
  max11270_readAdcRaw: raw24=0x000000 offset=-8388608
  max11270_readAdcRaw: raw24=0x000000 offset=-8388608
  max11270_readAdcRaw: raw24=0x000000 offset=-8388608
  max11270_readAdcRaw: raw24=0x000000 offset=-8388608
  max11270_readAdcRaw: raw24=0x000000 offset=-8388608
  max11270_readAdcRaw: raw24=0x000000 offset=-8388608
  max11270_readAdcRaw: raw24=0x000000 offset=-8388608
  max11270_readAdcRaw: raw24=0x000000 offset=-8388608
  max11270_readAdcRaw: raw24=0x000000 offset=-8388608
  max11270_readAdcRaw: raw24=0x000000 offset=-8388608
  max11270_readAdcRaw: raw24=0x000000 offset=-8388608
  max11270_readAdcRaw: raw24=0x000000 offset=-8388608
  max11270_readAdcRaw: raw24=0x000000 offset=-8388608
  max11270_readAdcRaw: raw24=0x000000 offset=-8388608
  max11270_readAdcRaw: raw24=0x000000 offset=-8388608
  max11270_readAdcRaw: raw24=0x000000 offset=-8388608
  max11270_readAdcRaw: raw24=0x000000 offset=-8388608
  max11270_readAdcRaw: raw24=0x000000 offset=-8388608
  max11270_readAdcRaw: raw24=0x000000 offset=-8388608
  max11270_readAdcRaw: raw24=0x000000 offset=-8388608
  max11270_readAdcRaw: raw24=0x000000 offset=-8388608
  max11270_readAdcRaw: raw24=0x000000 offset=-8388608
  max11270_readAdcRaw: raw24=0x000000 offset=-8388608
  max11270_readAdcRaw: raw24=0x000000 offset=-8388608
  max11270_readAdcRaw: raw24=0x000000 offset=-8388608
  max11270_readAdcRaw: raw24=0x000000 offset=-8388608
  max11270_readAdcRaw: raw24=0x000000 offset=-8388608
Periodic register check (current contents, not a rewrite):
  CTRL1 = 0x4B
  CTRL2 = 0x08
  CTRL5 = 0x0F
  STAT  = 0x3007
  max11270_readAdcRaw: raw24=0x000000 offset=-8388608
  max11270_readAdcRaw: raw24=0x000000 offset=-8388608
  max11270_readAdcRaw: raw24=0x000000 offset=-8388608
  max11270_readAdcRaw: raw24=0x000000 offset=-8388608
  max11270_readAdcRaw: raw24=0x000000 offset=-8388608
  max11270_readAdcRaw: raw24=0x000000 offset=-8388608
  max11270_readAdcRaw: raw24=0x000000 offset=-8388608
  max11270_readAdcRaw: raw24=0x000000 offset=-8388608
  max11270_readAdcRaw: raw24=0x000000 offset=-8388608
  max11270_readAdcRaw: raw24=0x000000 offset=-8388608
  max11270_readAdcRaw: raw24=0x000000 offset=-8388608
  max11270_readAdcRaw: raw24=0x000000 offset=-8388608
  max11270_readAdcRaw: raw24=0x000000 offset=-8388608
  max11270_readAdcRaw: raw24=0x000000 offset=-8388608
  max11270_readAdcRaw: raw24=0x000000 offset=-8388608
  max11270_readAdcRaw: raw24=0x000000 offset=-8388608
  max11270_readAdcRaw: raw24=0x000000 offset=-8388608
  max11270_readAdcRaw: raw24=0x000000 offset=-8388608
  max11270_readAdcRaw: raw24=0x000000 offset=-8388608
  max11270_readAdcRaw: raw24=0x000000 offset=-8388608
  max11270_readAdcRaw: raw24=0x000000 offset=-8388608
  max11270_readAdcRaw: raw24=0x000000 offset=-8388608
  max11270_readAdcRaw: raw24=0x000000 offset=-8388608
  max11270_readAdcRaw: raw24=0x000000 offset=-8388608
  max11270_readAdcRaw: raw24=0x000000 offset=-8388608
  max11270_readAdcRaw: raw24=0x000000 offset=-8388608
  max11270_readAdcRaw: raw24=0x000000 offset=-8388608
  max11270_readAdcRaw: raw24=0x000000 offset=-8388608
