ead back 0x0F OK
Load cell tare: 9421 raw counts (from 10/10 samples)
WiFi connecting................................ connected
WiFi IP: 192.168.4.101
Initializing micro-ROS...
Pinging agent at 192.168.4.100:8888 ...
Waiting for micro-ROS agent.......... [10 pings]
.......... [20 pings]
.......... [30 pings]
.......... [40 pings]
.......... [50 pings]
.......... [60 pings]
.......... [70 pings]
.......... [80 pings]
.......... [90 pings]
.. Agent found after 92 pings!
Node created
Loadcell publisher created on topic: loadcell_data
micro-ROS connected
Periodic register check (current contents, not a rewrite):
  CTRL1 = 0x40
  CTRL2 = 0x0F
  CTRL5 = 0x0F
  STAT  = 0x30A3
Periodic register check (current contents, not a rewrite):
  CTRL1 = 0x40
  CTRL2 = 0x0F
  CTRL5 = 0x0F
  STAT  = 0x30A2
Periodic register check (current contents, not a rewrite):
  CTRL1 = 0x40
  CTRL2 = 0x0F
  CTRL5 = 0x0F
  STAT  = 0x30A3
Periodic register check (current contents, not a rewrite):
  CTRL1 = 0x40
  CTRL2 = 0x0F
  CTRL5 = 0x0F
  STAT  = 0x30A2
Periodic register check (current contents, not a rewrite):
  CTRL1 = 0x40
  CTRL2 = 0x0F
  CTRL5 = 0x0F
  STAT  = 0x30A2
Periodic register check (current contents, not a rewrite):
  CTRL1 = 0x40
  CTRL2 = 0x0F
  CTRL5 = 0x0F
  STAT  = 0x30A3
Periodic register check (current contents, not a rewrite):
  CTRL1 = 0x40
  CTRL2 = 0x0F
  CTRL5 = 0x0F
  STAT  = 0x30A3
Periodic register check (current contents, not a rewrite):
  CTRL1 = 0x40
  CTRL2 = 0x0F
  CTRL5 = 0x0F
  STAT  = 0x30A3
Periodic register check (current contents, not a rewrite):
  CTRL1 = 0x40
  CTRL2 = 0x0F
  CTRL5 = 0x0F
  STAT  = 0x30A3
Periodic register check (current contents, not a rewrite):
  CTRL1 = 0x40
  CTRL2 = 0x0F
  CTRL5 = 0x0F
  STAT  = 0x30A3
Periodic register check (current contents, not a rewrite):
  CTRL1 = 0x40
  CTRL2 = 0x0F
  CTRL5 = 0x0F
  STAT  = 0x30A2
Periodic register check (current contents, not a rewrite):
  CTRL1 = 0x40
  CTRL2 = 0x0F
  CTRL5 = 0x0F
  STAT  = 0x30A3
Periodic register check (current contents, not a rewrite):
  CTRL1 = 0x40
  CTRL2 = 0x0F
  CTRL5 = 0x0F
  STAT  = 0x30A3
Periodic register check (current contents, not a rewrite):
  CTRL1 = 0x40
  CTRL2 = 0x0F
  CTRL5 = 0x0F
  STAT  = 0x30A2
Periodic register check (current contents, not a rewrite):
  CTRL1 = 0x40
  CTRL2 = 0x0F
  CTRL5 = 0x0F
  STAT  = 0x30A2
Periodic register check (current contents, not a rewrite):
  CTRL1 = 0x40
  CTRL2 = 0x0F
  CTRL5 = 0x0F
  STAT  = 0x30A2
Periodic register check (current contents, not a rewrite):
  CTRL1 = 0x40
  CTRL2 = 0x0F
  CTRL5 = 0x0F
  STAT  = 0x30A2
Periodic register check (current contents, not a rewrite):
  CTRL1 = 0x40
  CTRL2 = 0x0F
  CTRL5 = 0x0F
  STAT  = 0x30A2
Periodic register check (current contents, not a rewrite):
  CTRL1 = 0x40
  CTRL2 = 0x0F
  CTRL5 = 0x0F
  STAT  = 0x30A3
Periodic register check (current contents, not a rewrite):
  CTRL1 = 0x40
  CTRL2 = 0x0F
  CTRL5 = 0x0F
  STAT  = 0x30A2
Periodic register check (current contents, not a rewrite):
  CTRL1 = 0x40
  CTRL2 = 0x0F
  CTRL5 = 0x0F
  STAT  = 0x30A2
Periodic register check (current contents, not a rewrite):
  CTRL1 = 0x40
  CTRL2 = 0x0F
  CTRL5 = 0x0F
  STAT  = 0x30A3
Periodic register check (current contents, not a rewrite):
  CTRL1 = 0x40
  CTRL2 = 0x0F
  CTRL5 = 0x0F
  STAT  = 0x30A3
Periodic register check (current contents, not a rewrite):
  CTRL1 = 0x40
  CTRL2 = 0x0F
  CTRL5 = 0x0F
  STAT  = 0x30A3
Periodic register check (current contents, not a rewrite):
  CTRL1 = 0x40
  CTRL2 = 0x0F
  CTRL5 = 0x0F
  STAT  = 0x30A3
Periodic register check (current contents, not a rewrite):
  CTRL1 = 0x40
  CTRL2 = 0x0F
  CTRL5 = 0x0F
  STAT  = 0x30A2
Periodic register check (current contents, not a rewrite):
  CTRL1 = 0x40
  CTRL2 = 0x0F
  CTRL5 = 0x0F
  STAT  = 0x30A3
Periodic register check (current contents, not a rewrite):
  CTRL1 = 0x40
  CTRL2 = 0x0F
  CTRL5 = 0x0F
  STAT  = 0x30A3
Periodic register check (current contents, not a rewrite):
  CTRL1 = 0x40
  CTRL2 = 0x0F
  CTRL5 = 0x0F
  STAT  = 0x30A3
Periodic register check (current contents, not a rewrite):
  CTRL1 = 0x40
  CTRL2 = 0x0F
  CTRL5 = 0x0F
  STAT  = 0x30A3
Periodic register check (current contents, not a rewrite):
  CTRL1 = 0x40
  CTRL2 = 0x0F
  CTRL5 = 0x0F
  STAT  = 0x30A3
Periodic register check (current contents, not a rewrite):
  CTRL1 = 0x40
  CTRL2 = 0x0F
  CTRL5 = 0x0F
  STAT  = 0x30A2
Periodic register check (current contents, not a rewrite):
  CTRL1 = 0x40
  CTRL2 = 0x0F
  CTRL5 = 0x0F
  STAT  = 0x30A3
Periodic register check (current contents, not a rewrite):
  CTRL1 = 0x40
  CTRL2 = 0x0F
  CTRL5 = 0x0F
  STAT  = 0x30A3
Periodic register check (current contents, not a rewrite):
  CTRL1 = 0x40
  CTRL2 = 0x0F
  CTRL5 = 0x0F
  STAT  = 0x30A2
Periodic register check (current contents, not a rewrite):
  CTRL1 = 0x40
  CTRL2 = 0x0F
  CTRL5 = 0x0F
  STAT  = 0x30A3
Periodic register check (current contents, not a rewrite):
  CTRL1 = 0x40
  CTRL2 = 0x0F
  CTRL5 = 0x0F
  STAT  = 0x30A3
Periodic register check (current contents, not a rewrite):
  CTRL1 = 0x40
  CTRL2 = 0x0F
  CTRL5 = 0x0F
  STAT  = 0x30A3
Periodic register check (current contents, not a rewrite):
  CTRL1 = 0x40
  CTRL2 = 0x0F
  CTRL5 = 0x0F
  STAT  = 0x30A3
Periodic register check (current contents, not a rewrite):
  CTRL1 = 0x40
  CTRL2 = 0x0F
  CTRL5 = 0x0F
  STAT  = 0x30A3
Periodic register check (current contents, not a rewrite):
  CTRL1 = 0x40
  CTRL2 = 0x0F
  CTRL5 = 0x0F
  STAT  = 0x30A2
Periodic register check (current contents, not a rewrite):
  CTRL1 = 0x40
  CTRL2 = 0x0F
  CTRL5 = 0x0F
  STAT  = 0x30A3
Periodic register check (current contents, not a rewrite):
  CTRL1 = 0x40
  CTRL2 = 0x0F
  CTRL5 = 0x0F
  STAT  = 0x30A3
Periodic register check (current contents, not a rewrite):
  CTRL1 = 0x40
  CTRL2 = 0x0F
  CTRL5 = 0x0F
  STAT  = 0x30A3
Periodic register check (current contents, not a rewrite):
  CTRL1 = 0x40
  CTRL2 = 0x0F
  CTRL5 = 0x0F
  STAT  = 0x30A2
Periodic register check (current contents, not a rewrite):
  CTRL1 = 0x40
  CTRL2 = 0x0F
  CTRL5 = 0x0F
  STAT  = 0x30A2
Periodic register check (current contents, not a rewrite):
  CTRL1 = 0x40
  CTRL2 = 0x0F
  CTRL5 = 0x0F
  STAT  = 0x30A3
Periodic register check (current contents, not a rewrite):
  CTRL1 = 0x40
  CTRL2 = 0x0F
  CTRL5 = 0x0F
  STAT  = 0x30A3
Periodic register check (current contents, not a rewrite):
  CTRL1 = 0x40
  CTRL2 = 0x0F
  CTRL5 = 0x0F
  STAT  = 0x30A3
Periodic register check (current contents, not a rewrite):
  CTRL1 = 0x40
  CTRL2 = 0x0F
  CTRL5 = 0x0F
  STAT  = 0x30A3
Periodic register check (current contents, not a rewrite):
  CTRL1 = 0x40
  CTRL2 = 0x0F
  CTRL5 = 0x0F
  STAT  = 0x30A2
Periodic register check (current contents, not a rewrite):
  CTRL1 = 0x40
  CTRL2 = 0x0F
  CTRL5 = 0x0F
  STAT  = 0x30A3
Periodic register check (current contents, not a rewrite):
  CTRL1 = 0x40
  CTRL2 = 0x0F
  CTRL5 = 0x0F
  STAT  = 0x30A3
Periodic register check (current contents, not a rewrite):
  CTRL1 = 0x40
  CTRL2 = 0x0F
  CTRL5 = 0x0F
  STAT  = 0x30A3
Periodic register check (current contents, not a rewrite):
  CTRL1 = 0x40
  CTRL2 = 0x0F
  CTRL5 = 0x0F
  STAT  = 0x30A3
Periodic register check (current contents, not a rewrite):
  CTRL1 = 0x40
  CTRL2 = 0x0F
  CTRL5 = 0x0F
  STAT  = 0x30A3
Periodic register check (current contents, not a rewrite):
  CTRL1 = 0x40
  CTRL2 = 0x0F
  CTRL5 = 0x0F
  STAT  = 0x30A3
Periodic register check (current contents, not a rewrite):
  CTRL1 = 0x40
  CTRL2 = 0x0F
  CTRL5 = 0x0F
  STAT  = 0x30A3
Periodic register check (current contents, not a rewrite):
  CTRL1 = 0x40
  CTRL2 = 0x0F
  CTRL5 = 0x0F
  STAT  = 0x30A3
Periodic register check (current contents, not a rewrite):
  CTRL1 = 0x40
  CTRL2 = 0x0F
  CTRL5 = 0x0F
  STAT  = 0x30A3
Periodic register check (current contents, not a rewrite):
  CTRL1 = 0x40
  CTRL2 = 0x0F
  CTRL5 = 0x0F
  STAT  = 0x30A3
Periodic register check (current contents, not a rewrite):
  CTRL1 = 0x40
  CTRL2 = 0x0F
  CTRL5 = 0x0F
  STAT  = 0x30A2
Periodic register check (current contents, not a rewrite):
  CTRL1 = 0x40
  CTRL2 = 0x0F
  CTRL5 = 0x0F
  STAT  = 0x30A2
Periodic register check (current contents, not a rewrite):
  CTRL1 = 0x40
  CTRL2 = 0x0F
  CTRL5 = 0x0F
  STAT  = 0x30A2
Periodic register check (current contents, not a rewrite):
  CTRL1 = 0x40
  CTRL2 = 0x0F
  CTRL5 = 0x0F
  STAT  = 0x30A2
Periodic register check (current contents, not a rewrite):
  CTRL1 = 0x40
  CTRL2 = 0x0F
  CTRL5 = 0x0F
  STAT  = 0x30A2
Periodic register check (current contents, not a rewrite):
  CTRL1 = 0x40
  CTRL2 = 0x0F
  CTRL5 = 0x0F
  STAT  = 0x30A3
Periodic register check (current contents, not a rewrite):
  CTRL1 = 0x40
  CTRL2 = 0x0F
  CTRL5 = 0x0F
  STAT  = 0x30A3
Periodic register check (current contents, not a rewrite):
  CTRL1 = 0x40
  CTRL2 = 0x0F
  CTRL5 = 0x0F
  STAT  = 0x30A3
Periodic register check (current contents, not a rewrite):
  CTRL1 = 0x40
  CTRL2 = 0x0F
  CTRL5 = 0x0F
  STAT  = 0x30A2
Periodic register check (current contents, not a rewrite):
  CTRL1 = 0x40
  CTRL2 = 0x0F
  CTRL5 = 0x0F
  STAT  = 0x30A3
Periodic register check (current contents, not a rewrite):
  CTRL1 = 0x40
  CTRL2 = 0x0F
  CTRL5 = 0x0F
  STAT  = 0x30A3
Periodic register check (current contents, not a rewrite):
  CTRL1 = 0x40
  CTRL2 = 0x0F
  CTRL5 = 0x0F
  STAT  = 0x30A3
Periodic register check (current contents, not a rewrite):
  CTRL1 = 0x40
  CTRL2 = 0x0F
  CTRL5 = 0x0F
  STAT  = 0x30A3
Periodic register check (current contents, not a rewrite):
  CTRL1 = 0x40
  CTRL2 = 0x0F
  CTRL5 = 0x0F
  STAT  = 0x30A3
Periodic register check (current contents, not a rewrite):
  CTRL1 = 0x40
  CTRL2 = 0x0F
  CTRL5 = 0x0F
  STAT  = 0x30A3
Periodic register check (current contents, not a rewrite):
  CTRL1 = 0x40
  CTRL2 = 0x0F
  CTRL5 = 0x0F
  STAT  = 0x30A3
Periodic register check (current contents, not a rewrite):
  CTRL1 = 0x40
  CTRL2 = 0x0F
  CTRL5 = 0x0F
  STAT  = 0x30A2
Periodic register check (current contents, not a rewrite):
  CTRL1 = 0x40
  CTRL2 = 0x0F
  CTRL5 = 0x0F
  STAT  = 0x30A2
Periodic register check (current contents, not a rewrite):
  CTRL1 = 0x40
  CTRL2 = 0x0F
  CTRL5 = 0x0F
  STAT  = 0x30A3
