ed_torque_Nm=-0.000301 currentVelocity=83690.3mDeg/s omega_rad_s=1.4607 power_W=-0.0004
[1786127632.680715262] [power] Current=88.6mA torque_uNm=-2097.1 signed_torque_Nm=-0.002097 currentVelocity=83690.3mDeg/s omega_rad_s=1.4607 power_W=-0.0031
[1786127632.713714262] [power] Current=158.2mA torque_uNm=4728.7 signed_torque_Nm=0.004729 currentVelocity=83690.3mDeg/s omega_rad_s=1.4607 power_W=0.0069
[1786127632.746715262] [power] Current=99.6mA torque_uNm=-1019.3 signed_torque_Nm=-0.001019 currentVelocity=89670.0mDeg/s omega_rad_s=1.5650 power_W=-0.0016
[1786127632.779720262] [power] Current=120.8mA torque_uNm=1064.3 signed_torque_Nm=0.001064 currentVelocity=89666.5mDeg/s omega_rad_s=1.5650 power_W=0.0017
[1786127632.812709262] [power] Current=151.6mA torque_uNm=4082.1 signed_torque_Nm=0.004082 currentVelocity=89666.5mDeg/s omega_rad_s=1.5650 power_W=0.0064
[1786127632.845738262] [power] Current=410.9mA torque_uNm=29517.2 signed_torque_Nm=0.029517 currentVelocity=95648.0mDeg/s omega_rad_s=1.6694 power_W=0.0493
[1786127632.878712262] [power] Current=116.5mA torque_uNm=633.2 signed_torque_Nm=0.000633 currentVelocity=95646.1mDeg/s omega_rad_s=1.6693 power_W=0.0011
[1786127632.911710262] [power] Current=87.9mA torque_uNm=-2168.9 signed_torque_Nm=-0.002169 currentVelocity=95646.1mDeg/s omega_rad_s=1.6693 power_W=-0.0036
[1786127632.944709262] [power] Current=108.4mA torque_uNm=-157.1 signed_torque_Nm=-0.000157 currentVelocity=95646.1mDeg/s omega_rad_s=1.6693 power_W=-0.0003
[1786127632.977724262] [power] Current=172.9mA torque_uNm=6165.7 signed_torque_Nm=0.006166 currentVelocity=95646.1mDeg/s omega_rad_s=1.6693 power_W=0.0103
[1786127633.010712262] [power] Current=87.9mA torque_uNm=-2168.9 signed_torque_Nm=-0.002169 currentVelocity=95646.1mDeg/s omega_rad_s=1.6693 power_W=-0.0036
[1786127633.043717262] [power] Current=317.1mA torque_uNm=20320.3 signed_torque_Nm=0.020320 currentVelocity=101624.1mDeg/s omega_rad_s=1.7737 power_W=0.0360
[1786127633.076721262] [power] Current=151.6mA torque_uNm=4082.1 signed_torque_Nm=0.004082 currentVelocity=101623.9mDeg/s omega_rad_s=1.7737 power_W=0.0072
[1786127633.109715262] [power] Current=69.6mA torque_uNm=-3965.2 signed_torque_Nm=-0.003965 currentVelocity=101623.9mDeg/s omega_rad_s=1.7737 power_W=-0.0070
[1786127633.142715262] [power] Current=139.9mA torque_uNm=2932.5 signed_torque_Nm=0.002932 currentVelocity=101622.0mDeg/s omega_rad_s=1.7736 power_W=0.0052
[1786127633.175720262] [power] Current=93.0mA torque_uNm=-1666.0 signed_torque_Nm=-0.001666 currentVelocity=107604.0mDeg/s omega_rad_s=1.8780 power_W=-0.0031
[1786127633.208724262] [power] Current=445.3mA torque_uNm=32894.2 signed_torque_Nm=0.032894 currentVelocity=107604.0mDeg/s omega_rad_s=1.8780 power_W=0.0618
[1786127633.241719262] [power] Current=350.8mA torque_uNm=23625.4 signed_torque_Nm=0.023625 currentVelocity=101623.9mDeg/s omega_rad_s=1.7737 power_W=0.0419
[1786127633.274719262] [power] Current=111.3mA torque_uNm=130.3 signed_torque_Nm=0.000130 currentVelocity=107601.9mDeg/s omega_rad_s=1.8780 power_W=0.0002
[1786127633.307715262] [power] Current=128.9mA torque_uNm=1854.7 signed_torque_Nm=0.001855 currentVelocity=107601.9mDeg/s omega_rad_s=1.8780 power_W=0.0035
[1786127633.340706262] [power] Current=150.1mA torque_uNm=3938.4 signed_torque_Nm=0.003938 currentVelocity=107601.9mDeg/s omega_rad_s=1.8780 power_W=0.0074
[1786127633.373720262] [power] Current=175.0mA torque_uNm=6381.3 signed_torque_Nm=0.006381 currentVelocity=107601.9mDeg/s omega_rad_s=1.8780 power_W=0.0120
[1786127633.406753262] [power] Current=207.3mA torque_uNm=9542.7 signed_torque_Nm=0.009543 currentVelocity=113572.9mDeg/s omega_rad_s=1.9822 power_W=0.0189
[1786127633.439711262] [power] Current=135.5mA torque_uNm=2501.4 signed_torque_Nm=0.002501 currentVelocity=107608.3mDeg/s omega_rad_s=1.8781 power_W=0.0047
[1786127633.472714262] [power] Current=89.4mA torque_uNm=-2025.2 signed_torque_Nm=-0.002025 currentVelocity=107608.3mDeg/s omega_rad_s=1.8781 power_W=-0.0038
[1786127633.505717262] [power] Current=128.9mA torque_uNm=1854.7 signed_torque_Nm=0.001855 currentVelocity=113579.7mDeg/s omega_rad_s=1.9823 power_W=0.0037
[1786127633.538715262] [power] Current=334.7mA torque_uNm=22044.7 signed_torque_Nm=0.022045 currentVelocity=107601.9mDeg/s omega_rad_s=1.8780 power_W=0.0414
[1786127633.571711262] [power] Current=126.0mA torque_uNm=1567.3 signed_torque_Nm=0.001567 currentVelocity=107601.9mDeg/s omega_rad_s=1.8780 power_W=0.0029
[1786127633.604721262] [power] Current=94.5mA torque_uNm=-1522.3 signed_torque_Nm=-0.001522 currentVelocity=113575.5mDeg/s omega_rad_s=1.9823 power_W=-0.0030
[1786127633.637713262] [power] Current=200.0mA torque_uNm=8824.2 signed_torque_Nm=0.008824 currentVelocity=113582.0mDeg/s omega_rad_s=1.9824 power_W=0.0175
[1786127633.670710262] [power] Current=69.6mA torque_uNm=-3965.2 signed_torque_Nm=-0.003965 currentVelocity=113582.0mDeg/s omega_rad_s=1.9824 power_W=-0.0079
[1786127633.703714262] [power] Current=128.9mA torque_uNm=1854.7 signed_torque_Nm=0.001855 currentVelocity=113572.9mDeg/s omega_rad_s=1.9822 power_W=0.0037
[1786127633.818288262] [watchdog] ping result: 0 | ros_connected: 1 | heap: 174836
[1786127633.819719262] [power] Current=69.6mA torque_uNm=-3965.2 signed_torque_Nm=-0.003965 currentVelocity=107601.9mDeg/s omega_rad_s=1.8780 power_W=-0.0074
[1786127633.852722262] [power] Current=115.0mA torque_uNm=489.5 signed_torque_Nm=0.000490 currentVelocity=119548.2mDeg/s omega_rad_s=2.0865 power_W=0.0010
[1786127633.885715262] [power] Current=206.5mA torque_uNm=9470.9 signed_torque_Nm=0.009471 currentVelocity=113588.8mDeg/s omega_rad_s=1.9825 power_W=0.0188
[1786127633.918720262] [power] Current=344.2mA torque_uNm=22978.8 signed_torque_Nm=0.022979 currentVelocity=113588.8mDeg/s omega_rad_s=1.9825 power_W=0.0456
[1786127633.951715262] [power] Current=79.8mA torque_uNm=-2959.3 signed_torque_Nm=-0.002959 currentVelocity=107601.9mDeg/s omega_rad_s=1.8780 power_W=-0.0056
[1786127633.984715262] [power] Current=71.8mA torque_uNm=-3749.6 signed_torque_Nm=-0.003750 currentVelocity=113579.7mDeg/s omega_rad_s=1.9823 power_W=-0.0074
[1786127634.017720262] [power] Current=152.3mA torque_uNm=4153.9 signed_torque_Nm=0.004154 currentVelocity=113579.7mDeg/s omega_rad_s=1.9823 power_W=0.0082
[1786127634.050720262] [power] Current=304.0mA torque_uNm=19027.0 signed_torque_Nm=0.019027 currentVelocity=113579.7mDeg/s omega_rad_s=1.9823 power_W=0.0377
[1786127634.083720262] [power] Current=221.9mA torque_uNm=10979.7 signed_torque_Nm=0.010980 currentVelocity=113579.7mDeg/s omega_rad_s=1.9823 power_W=0.0218
[1786127634.116715262] [power] Current=111.3mA torque_uNm=130.3 signed_torque_Nm=0.000130 currentVelocity=113579.7mDeg/s omega_rad_s=1.9823 power_W=0.0003
[1786127634.149709262] [power] Current=117.2mA torque_uNm=705.1 signed_torque_Nm=0.000705 currentVelocity=107599.7mDeg/s omega_rad_s=1.8780 power_W=0.0013
[1786127634.182711262] [power] Current=85.0mA torque_uNm=-2456.3 signed_torque_Nm=-0.002456 currentVelocity=113579.7mDeg/s omega_rad_s=1.9823 power_W=-0.0049
[1786127634.215714262] [power] Current=106.2mA torque_uNm=-372.7 signed_torque_Nm=-0.000373 currentVelocity=113579.7mDeg/s omega_rad_s=1.9823 power_W=-0.0007
[1786127634.248716262] [power] Current=87.2mA torque_uNm=-2240.8 signed_torque_Nm=-0.002241 currentVelocity=107604.0mDeg/s omega_rad_s=1.8780 power_W=-0.0042
[1786127634.281717262] [power] Current=134.8mA torque_uNm=2429.5 signed_torque_Nm=0.002430 currentVelocity=107601.9mDeg/s omega_rad_s=1.8780 power_W=0.0046
[1786127634.314712262] [power] Current=110.6mA torque_uNm=58.4 signed_torque_Nm=0.000058 currentVelocity=107601.9mDeg/s omega_rad_s=1.8780 power_W=0.0001
[1786127634.347715262] [power] Current=95.9mA torque_uNm=-1378.6 signed_torque_Nm=-0.001379 currentVelocity=107599.7mDeg/s omega_rad_s=1.8780 power_W=-0.0026
[1786127634.380715262] [power] Current=93.0mA torque_uNm=-1666.0 signed_torque_Nm=-0.001666 currentVelocity=107604.0mDeg/s omega_rad_s=1.8780 power_W=-0.0031
[1786127634.413730262] [power] Current=99.6mA torque_uNm=-1019.3 signed_torque_Nm=-0.001019 currentVelocity=107604.0mDeg/s omega_rad_s=1.8780 power_W=-0.0019
[1786127634.446713262] [power] Current=113.5mA torque_uNm=345.8 signed_torque_Nm=0.000346 currentVelocity=101624.1mDeg/s omega_rad_s=1.7737 power_W=0.0006
[1786127634.479704262] [power] Current=120.1mA torque_uNm=992.5 signed_torque_Nm=0.000992 currentVelocity=107601.9mDeg/s omega_rad_s=1.8780 power_W=0.0019
[1786127634.512746262] [power] Current=339.1mA torque_uNm=22475.8 signed_torque_Nm=0.022476 currentVelocity=107601.9mDeg/s omega_rad_s=1.8780 power_W=0.0422
[1786127634.545721262] [power] Current=154.5mA torque_uNm=4369.5 signed_torque_Nm=0.004369 currentVelocity=101624.1mDeg/s omega_rad_s=1.7737 power_W=0.0078
[1786127634.578706262] [power] Current=108.4mA torque_uNm=-157.1 signed_torque_Nm=-0.000157 currentVelocity=95645.9mDeg/s omega_rad_s=1.6693 power_W=-0.0003
[1786127634.611711262] [power] Current=113.5mA torque_uNm=345.8 signed_torque_Nm=0.000346 currentVelocity=95645.9mDeg/s omega_rad_s=1.6693 power_W=0.0006
[1786127634.644718262] [power] Current=274.7mA torque_uNm=16153.0 signed_torque_Nm=0.016153 currentVelocity=101622.3mDeg/s omega_rad_s=1.7736 power_W=0.0286
[1786127634.677706262] [power] Current=101.1mA torque_uNm=-875.6 signed_torque_Nm=-0.000876 currentVelocity=95647.5mDeg/s omega_rad_s=1.6694 power_W=-0.0015
[1786127634.710714262] [power] Current=94.5mA torque_uNm=-1522.3 signed_torque_Nm=-0.001522 currentVelocity=95647.5mDeg/s omega_rad_s=1.6694 power_W=-0.0025
[1786127634.743820262] [power] Current=210.2mA torque_uNm=9830.1 signed_torque_Nm=0.009830 currentVelocity=95646.2mDeg/s omega_rad_s=1.6693 power_W=0.0164
[1786127634.776800262] [power] Current=349.4mA torque_uNm=23481.7 signed_torque_Nm=0.023482 currentVelocity=95646.2mDeg/s omega_rad_s=1.6693 power_W=0.0392
[1786127634.809812262] [power] Current=93.8mA torque_uNm=-1594.1 signed_torque_Nm=-0.001594 currentVelocity=95646.2mDeg/s omega_rad_s=1.6693 power_W=-0.0027
[1786127634.842742262] [power] Current=317.1mA torque_uNm=20320.3 signed_torque_Nm=0.020320 currentVelocity=89666.3mDeg/s omega_rad_s=1.5650 power_W=0.0318
[1786127634.875722262] [power] Current=98.9mA torque_uNm=-1091.2 signed_torque_Nm=-0.001091 currentVelocity=83692.3mDeg/s omega_rad_s=1.4607 power_W=-0.0016
[1786127634.908724262] [power] Current=260.0mA torque_uNm=14716.0 signed_torque_Nm=0.014716 currentVelocity=83692.3mDeg/s omega_rad_s=1.4607 power_W=0.0215
[1786127634.941730262] [power] Current=295.9mA torque_uNm=18236.6 signed_torque_Nm=0.018237 currentVelocity=89666.3mDeg/s omega_rad_s=1.5650 power_W=0.0285
[1786127634.974702262] [power] Current=117.2mA torque_uNm=705.1 signed_torque_Nm=0.000705 currentVelocity=83690.0mDeg/s omega_rad_s=1.4607 power_W=0.0010
[1786127635.007736262] [power] Current=95.9mA torque_uNm=-1378.6 signed_torque_Nm=-0.001379 currentVelocity=83690.0mDeg/s omega_rad_s=1.4607 power_W=-0.0020
[1786127635.040716262] [power] Current=110.6mA torque_uNm=58.4 signed_torque_Nm=0.000058 currentVelocity=83692.3mDeg/s omega_rad_s=1.4607 power_W=0.0001
[1786127635.073713262] [power] Current=152.3mA torque_uNm=4153.9 signed_torque_Nm=0.004154 currentVelocity=83692.3mDeg/s omega_rad_s=1.4607 power_W=0.0061
[1786127635.106715262] [power] Current=155.3mA torque_uNm=4441.3 signed_torque_Nm=0.004441 currentVelocity=77712.5mDeg/s omega_rad_s=1.3563 power_W=0.0060
[1786127635.139719262] [power] Current=138.4mA torque_uNm=2788.8 signed_torque_Nm=0.002789 currentVelocity=77712.5mDeg/s omega_rad_s=1.3563 power_W=0.0038
[1786127635.172714262] [power] Current=140.6mA torque_uNm=3004.3 signed_torque_Nm=0.003004 currentVelocity=77712.5mDeg/s omega_rad_s=1.3563 power_W=0.0041
[1786127635.205706262] [power] Current=116.5mA torque_uNm=633.2 signed_torque_Nm=0.000633 currentVelocity=71734.4mDeg/s omega_rad_s=1.2520 power_W=0.0008
[1786127635.238722262] [power] Current=260.0mA torque_uNm=14716.0 signed_torque_Nm=0.014716 currentVelocity=71734.4mDeg/s omega_rad_s=1.2520 power_W=0.0184
[1786127635.271717262] [power] Current=106.2mA torque_uNm=-372.7 signed_torque_Nm=-0.000373 currentVelocity=71734.4mDeg/s omega_rad_s=1.2520 power_W=-0.0005
[1786127635.304712262] [power] Current=80.6mA torque_uNm=-2887.4 signed_torque_Nm=-0.002887 currentVelocity=65756.9mDeg/s omega_rad_s=1.1477 power_W=-0.0033
[1786127635.337722262] [power] Current=350.8mA torque_uNm=23625.4 signed_torque_Nm=0.023625 currentVelocity=65756.9mDeg/s omega_rad_s=1.1477 power_W=0.0271
[1786127635.370711262] [power] Current=157.5mA torque_uNm=4656.9 signed_torque_Nm=0.004657 currentVelocity=65756.9mDeg/s omega_rad_s=1.1477 power_W=0.0053
[1786127635.403711262] [power] Current=155.3mA torque_uNm=4441.3 signed_torque_Nm=0.004441 currentVelocity=65748.4mDeg/s omega_rad_s=1.1475 power_W=0.0051
[1786127635.436709262] [power] Current=117.2mA torque_uNm=705.1 signed_torque_Nm=0.000705 currentVelocity=53807.7mDeg/s omega_rad_s=0.9391 power_W=0.0007
[1786127635.469715262] [power] Current=82.8mA torque_uNm=-2671.9 signed_torque_Nm=-0.002672 currentVelocity=53807.7mDeg/s omega_rad_s=0.9391 power_W=-0.0025
[1786127635.502808262] [power] Current=111.3mA torque_uNm=130.3 signed_torque_Nm=0.000130 currentVelocity=59778.8mDeg/s omega_rad_s=1.0433 power_W=0.0001
[1786127635.535811262] [power] Current=181.6mA torque_uNm=7027.9 signed_torque_Nm=0.007028 currentVelocity=53801.2mDeg/s omega_rad_s=0.9390 power_W=0.0066
[1786127635.568793262] [power] Current=131.1mA torque_uNm=2070.3 signed_torque_Nm=0.002070 currentVelocity=53801.2mDeg/s omega_rad_s=0.9390 power_W=0.0019
[1786127635.601714262] [power] Current=123.8mA torque_uNm=1351.7 signed_torque_Nm=0.001352 currentVelocity=47822.5mDeg/s omega_rad_s=0.8347 power_W=0.0011
[1786127635.634735262] [power] Current=106.9mA torque_uNm=-300.8 signed_torque_Nm=-0.000301 currentVelocity=47823.1mDeg/s omega_rad_s=0.8347 power_W=-0.0003
[1786127635.667722262] [power] Current=350.8mA torque_uNm=23625.4 signed_torque_Nm=0.023625 currentVelocity=47823.1mDeg/s omega_rad_s=0.8347 power_W=0.0197
[1786127635.700704262] [power] Current=90.1mA torque_uNm=-1953.4 signed_torque_Nm=-0.001953 currentVelocity=41845.6mDeg/s omega_rad_s=0.7303 power_W=-0.0014
[1786127635.733722262] [power] Current=363.3mA torque_uNm=24846.9 signed_torque_Nm=0.024847 currentVelocity=35866.9mDeg/s omega_rad_s=0.6260 power_W=0.0156
[1786127635.766715262] [power] Current=91.6mA torque_uNm=-1809.7 signed_torque_Nm=-0.001810 currentVelocity=35866.9mDeg/s omega_rad_s=0.6260 power_W=-0.0011
[1786127635.799703262] [power] Current=93.0mA torque_uNm=-1666.0 signed_torque_Nm=-0.001666 currentVelocity=41844.8mDeg/s omega_rad_s=0.7303 power_W=-0.0012
[1786127635.832726262] [power] Current=131.8mA torque_uNm=2142.1 signed_torque_Nm=0.002142 currentVelocity=29890.0mDeg/s omega_rad_s=0.5217 power_W=0.0011
[1786127635.865720262] [power] Current=94.5mA torque_uNm=-1522.3 signed_torque_Nm=-0.001522 currentVelocity=29890.0mDeg/s omega_rad_s=0.5217 power_W=-0.0008
[1786127635.898709262] [power] Current=181.6mA torque_uNm=7027.9 signed_torque_Nm=0.007028 currentVelocity=35866.2mDeg/s omega_rad_s=0.6260 power_W=0.0044
[1786127635.931821262] [power] Current=139.9mA torque_uNm=2932.5 signed_torque_Nm=0.002932 currentVelocity=17933.8mDeg/s omega_rad_s=0.3130 power_W=0.0009
[1786127635.964801262] [power] Current=101.8mA torque_uNm=-803.8 signed_torque_Nm=-0.000804 currentVelocity=17933.8mDeg/s omega_rad_s=0.3130 power_W=-0.0003
[1786127635.997718262] [power] Current=388.9mA torque_uNm=27361.7 signed_torque_Nm=0.027362 currentVelocity=35868.2mDeg/s omega_rad_s=0.6260 power_W=0.0171
[1786127636.030645262] [power] Current=112.8mA torque_uNm=274.0 signed_torque_Nm=0.000274 currentVelocity=0.0mDeg/s omega_rad_s=0.0000 power_W=0.0000
[1786127636.063671262] [power] Current=169.2mA torque_uNm=5806.5 signed_torque_Nm=0.005806 currentVelocity=0.0mDeg/s omega_rad_s=0.0000 power_W=0.0000
[1786127636.096701262] [power] Current=93.0mA torque_uNm=-1666.0 signed_torque_Nm=-0.001666 currentVelocity=29889.4mDeg/s omega_rad_s=0.5217 power_W=-0.0009
[1786127636.129718262] [power] Current=347.9mA torque_uNm=23338.0 signed_torque_Nm=0.023338 currentVelocity=17933.4mDeg/s omega_rad_s=0.3130 power_W=0.0073
[1786127636.162716262] [power] Current=178.0mA torque_uNm=6668.7 signed_torque_Nm=0.006669 currentVelocity=17933.4mDeg/s omega_rad_s=0.3130 power_W=0.0021
[1786127636.195663262] [power] Current=182.4mA torque_uNm=7099.8 signed_torque_Nm=0.007100 currentVelocity=0.0mDeg/s omega_rad_s=0.0000 power_W=0.0000
[1786127636.228647262] [power] Current=125.2mA torque_uNm=1495.4 signed_torque_Nm=0.001495 currentVelocity=0.0mDeg/s omega_rad_s=0.0000 power_W=0.0000
[1786127636.261689262] [power] Current=202.1mA torque_uNm=9039.8 signed_torque_Nm=0.009040 currentVelocity=0.0mDeg/s omega_rad_s=0.0000 power_W=0.0000
[1786127636.294663262] [power] Current=260.7mA torque_uNm=14787.8 signed_torque_Nm=0.014788 currentVelocity=0.0mDeg/s omega_rad_s=0.0000 power_W=0.0000
[1786127636.327658262] [power] Current=189.7mA torque_uNm=7818.3 signed_torque_Nm=0.007818 currentVelocity=0.0mDeg/s omega_rad_s=0.0000 power_W=0.0000
[1786127636.360666262] [power] Current=151.6mA torque_uNm=4082.1 signed_torque_Nm=0.004082 currentVelocity=0.0mDeg/s omega_rad_s=0.0000 power_W=0.0000
[1786127636.393657262] [power] Current=141.4mA torque_uNm=3076.2 signed_torque_Nm=0.003076 currentVelocity=0.0mDeg/s omega_rad_s=0.0000 power_W=0.0000
[1786127636.426654262] [power] Current=93.0mA torque_uNm=-1666.0 signed_torque_Nm=-0.001666 currentVelocity=0.0mDeg/s omega_rad_s=0.0000 power_W=-0.0000
[1786127636.459666262] [power] Current=124.5mA torque_uNm=1423.6 signed_torque_Nm=0.001424 currentVelocity=0.0mDeg/s omega_rad_s=0.0000 power_W=0.0000
[1786127636.492658262] [power] Current=11.7mA torque_uNm=-9641.4 signed_torque_Nm=-0.009641 currentVelocity=0.0mDeg/s omega_rad_s=0.0000 power_W=-0.0000
[1786127636.525634262] [power] Current=-0.0mA torque_uNm=-10791.0 signed_torque_Nm=-0.010791 currentVelocity=0.0mDeg/s omega_rad_s=0.0000 power_W=-0.0000
[1786127636.558667262] [power] Current=-98.9mA torque_uNm=-1091.2 signed_torque_Nm=0.001091 currentVelocity=0.0mDeg/s omega_rad_s=0.0000 power_W=0.0000
[1786127636.591657262] [power] Current=-120.1mA torque_uNm=992.5 signed_torque_Nm=-0.000992 currentVelocity=0.0mDeg/s omega_rad_s=0.0000 power_W=-0.0000
[1786127636.624774262] [power] Current=-93.8mA torque_uNm=-1594.1 signed_torque_Nm=0.001594 currentVelocity=-5978.1mDeg/s omega_rad_s=-0.1043 power_W=-0.0002
[1786127636.657727262] [power] Current=-145.8mA torque_uNm=3507.3 signed_torque_Nm=-0.003507 currentVelocity=-5978.1mDeg/s omega_rad_s=-0.1043 power_W=0.0004
[1786127636.690708262] [power] Current=-198.5mA torque_uNm=8680.5 signed_torque_Nm=-0.008681 currentVelocity=-5978.1mDeg/s omega_rad_s=-0.1043 power_W=0.0009
[1786127636.723713262] [power] Current=-112.8mA torque_uNm=274.0 signed_torque_Nm=-0.000274 currentVelocity=-5978.1mDeg/s omega_rad_s=-0.1043 power_W=0.0000
[1786127636.756717262] [power] Current=-116.5mA torque_uNm=633.2 signed_torque_Nm=-0.000633 currentVelocity=-17932.8mDeg/s omega_rad_s=-0.3130 power_W=0.0002
[1786127636.789734262] [power] Current=-240.2mA torque_uNm=12776.0 signed_torque_Nm=-0.012776 currentVelocity=-53802.3mDeg/s omega_rad_s=-0.9390 power_W=0.0120
[1786127636.822712262] [power] Current=-210.2mA torque_uNm=9830.1 signed_torque_Nm=-0.009830 currentVelocity=-53802.3mDeg/s omega_rad_s=-0.9390 power_W=0.0092
[1786127636.855826262] [power] Current=-64.5mA torque_uNm=-4468.1 signed_torque_Nm=0.004468 currentVelocity=-23911.2mDeg/s omega_rad_s=-0.4173 power_W=-0.0019
[1786127636.888808262] [power] Current=-139.9mA torque_uNm=2932.5 signed_torque_Nm=-0.002932 currentVelocity=-53801.2mDeg/s omega_rad_s=-0.9390 power_W=0.0028
[1786127636.921792262] [power] Current=-82.0mA torque_uNm=-2743.7 signed_torque_Nm=0.002744 currentVelocity=-53801.2mDeg/s omega_rad_s=-0.9390 power_W=-0.0026
[1786127636.954714262] [power] Current=-103.3mA torque_uNm=-660.1 signed_torque_Nm=0.000660 currentVelocity=-47823.1mDeg/s omega_rad_s=-0.8347 power_W=-0.0006
[1786127636.987721262] [power] Current=-163.3mA torque_uNm=5231.7 signed_torque_Nm=-0.005232 currentVelocity=-41845.0mDeg/s omega_rad_s=-0.7303 power_W=0.0038
[1786127637.020714262] [power] Current=-168.5mA torque_uNm=5734.6 signed_torque_Nm=-0.005735 currentVelocity=-41845.0mDeg/s omega_rad_s=-0.7303 power_W=0.0042
[1786127637.053715262] [power] Current=-128.2mA torque_uNm=1782.9 signed_torque_Nm=-0.001783 currentVelocity=-47822.2mDeg/s omega_rad_s=-0.8347 power_W=0.0015
[1786127637.086730262] [power] Current=-137.7mA torque_uNm=2716.9 signed_torque_Nm=-0.002717 currentVelocity=-53801.7mDeg/s omega_rad_s=-0.9390 power_W=0.0026
[1786127637.119719262] [power] Current=-189.7mA torque_uNm=7818.3 signed_torque_Nm=-0.007818 currentVelocity=-53801.7mDeg/s omega_rad_s=-0.9390 power_W=0.0073
[1786127637.152800262] [power] Current=-115.0mA torque_uNm=489.5 signed_torque_Nm=-0.000490 currentVelocity=-53801.2mDeg/s omega_rad_s=-0.9390 power_W=0.0005
[1786127637.185807262] [power] Current=-110.6mA torque_uNm=58.4 signed_torque_Nm=-0.000058 currentVelocity=-59778.8mDeg/s omega_rad_s=-1.0433 power_W=0.0001
[1786127637.218793262] [power] Current=-101.8mA torque_uNm=-803.8 signed_torque_Nm=0.000804 currentVelocity=-59778.8mDeg/s omega_rad_s=-1.0433 power_W=-0.0008
[1786127637.251713262] [power] Current=-72.5mA torque_uNm=-3677.8 signed_torque_Nm=0.003678 currentVelocity=-65755.6mDeg/s omega_rad_s=-1.1477 power_W=-0.0042
[1786127637.284722262] [power] Current=-116.5mA torque_uNm=633.2 signed_torque_Nm=-0.000633 currentVelocity=-65757.6mDeg/s omega_rad_s=-1.1477 power_W=0.0007
[1786127637.317720262] [power] Current=-163.3mA torque_uNm=5231.7 signed_torque_Nm=-0.005232 currentVelocity=-65757.6mDeg/s omega_rad_s=-1.1477 power_W=0.0060
[1786127637.350713262] [power] Current=-175.0mA torque_uNm=6381.3 signed_torque_Nm=-0.006381 currentVelocity=-65756.9mDeg/s omega_rad_s=-1.1477 power_W=0.0073
[1786127637.383744262] [power] Current=-160.4mA torque_uNm=4944.3 signed_torque_Nm=-0.004944 currentVelocity=-71734.4mDeg/s omega_rad_s=-1.2520 power_W=0.0062
[1786127637.416720262] [power] Current=-98.9mA torque_uNm=-1091.2 signed_torque_Nm=0.001091 currentVelocity=-71734.4mDeg/s omega_rad_s=-1.2520 power_W=-0.0014
[1786127637.449709262] [power] Current=-76.9mA torque_uNm=-3246.7 signed_torque_Nm=0.003247 currentVelocity=-71735.0mDeg/s omega_rad_s=-1.2520 power_W=-0.0041
[1786127637.482717262] [power] Current=-113.5mA torque_uNm=345.8 signed_torque_Nm=-0.000346 currentVelocity=-77710.9mDeg/s omega_rad_s=-1.3563 power_W=0.0005
[1786127637.515721262] [power] Current=-175.8mA torque_uNm=6453.1 signed_torque_Nm=-0.006453 currentVelocity=-77710.9mDeg/s omega_rad_s=-1.3563 power_W=0.0088
[1786127637.548710262] [power] Current=-96.7mA torque_uNm=-1306.7 signed_torque_Nm=0.001307 currentVelocity=-77712.5mDeg/s omega_rad_s=-1.3563 power_W=-0.0018
[1786127637.581720262] [power] Current=-122.3mA torque_uNm=1208.0 signed_torque_Nm=-0.001208 currentVelocity=-83691.7mDeg/s omega_rad_s=-1.4607 power_W=0.0018
[1786127637.614721262] [power] Current=-175.0mA torque_uNm=6381.3 signed_torque_Nm=-0.006381 currentVelocity=-83691.7mDeg/s omega_rad_s=-1.4607 power_W=0.0093
[1786127637.647780262] [power] Current=-93.8mA torque_uNm=-1594.1 signed_torque_Nm=0.001594 currentVelocity=-83690.6mDeg/s omega_rad_s=-1.4607 power_W=-0.0023
[1786127637.680722262] [power] Current=-102.5mA torque_uNm=-731.9 signed_torque_Nm=0.000732 currentVelocity=-83690.0mDeg/s omega_rad_s=-1.4607 power_W=-0.0011
[1786127637.713722262] [power] Current=-243.9mA torque_uNm=13135.2 signed_torque_Nm=-0.013135 currentVelocity=-83690.0mDeg/s omega_rad_s=-1.4607 power_W=0.0192
[1786127637.746709262] [power] Current=-134.0mA torque_uNm=2357.7 signed_torque_Nm=-0.002358 currentVelocity=-89668.1mDeg/s omega_rad_s=-1.5650 power_W=0.0037
