000.0 mDeg
[1786044086.118251872] Setpoint: 100000.0 mDeg
[1786044086.318021872] Setpoint: 110000.0 mDeg
[1786044086.518951872] Setpoint: 120000.0 mDeg
[1786044087.321898872] Setpoint: 110000.0 mDeg
Setpoint: 100000.0 mDeg
[1786044087.669981872] Setpoint: 90000.0 mDeg
[1786044087.845905872] Setpoint: 80000.0 mDeg
[1786044088.043889872] Setpoint: 70000.0 mDeg
[1786044088.222161872] Setpoint: 60000.0 mDeg
[1786044088.418124872] Setpoint: 50000.0 mDeg
[1786044088.610149872] Setpoint: 40000.0 mDeg
[1786044088.610518872] [watchdog] ping result: 0 | ros_connected: 1 | heap: 179516
[1786044088.818065872] Setpoint: 30000.0 mDeg
[1786044089.003918872] Setpoint: 20000.0 mDeg
[1786044089.161297872] Setpoint: 10000.0 mDeg
[1786044089.366798872] Setpoint: 0.0 mDeg
[1786044089.552895872] Setpoint: -10000.0 mDeg
[1786044089.735902872] Setpoint: -20000.0 mDeg
[1786044089.920177872] Setpoint: -30000.0 mDeg
[1786044093.707787872] [watchdog] ping result: 0 | ros_connected: 1 | heap: 179516
[1786044098.707779872] [watchdog] ping result: 0 | ros_connected: 1 | heap: 179564
[1786044103.707782872] [watchdog] ping result: 0 | ros_connected: 1 | heap: 179564
[1786044108.610272872] [watchdog] ping result: 0 | ros_connected: 1 | heap: 179516
[1786044113.707789872] [watchdog] ping result: 0 | ros_connected: 1 | heap: 179516
[1786044118.707778872] [watchdog] ping result: 0 | ros_connected: 1 | heap: 179564
[1786044123.707782872] [watchdog] ping result: 0 | ros_connected: 1 | heap: 179564
[1786044128.707789872] [watchdog] ping result: 0 | ros_connected: 1 | heap: 179564
[1786044133.612256872] [watchdog] ping result: 0 | ros_connected: 1 | heap: 179516
 -20000.0 mDeg
[1786044138.1679nt: -10000.0 mDeg
[t: 0.0 mDeg
[1786044138.2point: 100 mDeg
[1786044138.41710etpoint0.g
[1786044138.610205872] [watchdog] ping result: 0 | ros_connected: 1 | heap: 179516
: 30000.0 mDeg
[1786044138.7oint: 40000.0 mDeg
[1786044138.924880872] Setpoint: t: 60000.0 mDeg
[1786044 70000.0 mDeg
[1786044139.45490187tpoint: 80000.0 mDeg
[1786044139.633952872] oint000.0 mDeg
[1786044140Deg
[1786044140.1tpoi 1 mDeg
[1786044140.19410580.0 mDeg
oint: 130000.0 mDeg
[1786044140.2140000.0 
[1786044140.tpoi 150000.0 mg
nt0000.0 mDeg
0.eg
etpoint: 16 mDeg
[1786tpoint: 1500Deg
: 1400.0 mDeg
[1786044141.176775872] St: 130000.0 mDeg
[1786044141.00.0 mDeg
[178604414po10000.0 mDeg
[17860int: 100000.0 mDeg
0.0 mDeg
[1786044141.328963872]eg
[178600000.0g
[1786044141.387782872] Setp60000.0 mDeg
[tpo 50000.0 mDeg
oi00g
[1786044141.476222872] 0000.0 mDeg
[17860mDeg
[1786044141.536tpoint: 10000.0 mDeg
[17860oint: 0.0 mDeg
[17860t: -10000.0 mDeg
oi.0 mDeg
in0mDeg
[1786044141.6etpoint: -40000.0 mDeg
[1786044141.71989tpoint: -50000.0 mDeg
0000.0 mDeg
[1786044141.779772: -700 mDeg
[17860: -80000.eg
[1786044141.8402oint: -90000.0 
[1786044141.868983872] Setpoint: -100000Deg
[1786044141.89891etpoint: -110000g
[1786044etpoint: -120000.0 mDeg
[1786044141.96025087eg
etpoint: 000.0 mDeg
[178604414tpoint: -150000.0 mDeg
[1786044142.04891oint: -1600 mDeg
oint: -170000.0[1786044142.1etpoint: -180000.0 mDeg
Setpo -190Deg
.0 mDeg
point: -190000.0 mDeg
tpoint: -18.0 mDeg
[1786044142.89476487etpointmDeg
oin00.0 mDeg
[17860int: -150000.0 eg
etpoi0.0 mDeg
mDeg
nt: -120000
[1786044143.073864872] 10 mDeg
[1786044143.105820oint: 0.0 mDeg
[178604000.0 mDeg
[1786044143.1point: -80000.0 mDeg
[1786044143.195tpoint: -7 mDeg
t: -60000.0 mDeg
[1786044143.256206872-5.0 mDeg
t: -40000.0 mDeg
[-30000.0 mDeg
[1786044143.345781872] Setpoi.0 mDeg
 -10000.0 mDeg
[17860 Setpoint: 0. mDeg
[1786044143.43oint: 10000.0 mDeg
[1786044143.tpoi 20000.Deg
: 30000.0 mDeg
[1786044143.526159872] Se 40000.0 mDeg
 5000mDeg
[17860Setpoint:0[1786044143.616779872] Set: 70000.0 mDeg
[1786044143.6477508[1786044143.677844872] Setpint: 90000 mDeg
[1786044143.707694872] [watchdog] ping result: 0 | ros_connected: 1 | heap: 179516
000.0 mDeg
00.0 mDeg
[1786044143.7t: 100.0 mDeg
[1786044143.730000.0 mDeg
[1786044143.8271etpoin00mDeg
[1786044143.857165872] Setpoint: 150000Deg
[178604tpoint00.0 mDeg
[178604nt: 170000.
[17860nt: 180000.Deg
[1786090000.0 mDeg
[1786044144.007856872] Sint: 200000Deg
[17860441int: 2.0 mDeg
t:000.0 mDeg
: 0.0 mDeg
etpoint: 240000.0230000.0 mDeg
0 mDeg
[1786044144.874168872] Setpoint: 2100 mDeg
200000.0 mDeg
nt: 10.0 mDeg
etpoi180000.0 mDeg
[17860Setpoint: 170
0000.0 mDeg
[1786044148.610331872] [watchdog] ping result: 0 | ros_connected: 1 | heap: 179516
[1786044153.707787872] [watchdog] ping result: 0 | ros_connected: 1 | heap: 179564
[1786044158.707777872] [watchdog] ping result: 0 | ros_connected: 1 | heap: 179564
[1786044163.707786872] [watchdog] ping result: 0 | ros_connected: 1 | heap: 179564
