c:0.0 des:0.0 err:0.0 cur:-0 cmd:-0 | pub:0ms ret:0 lp:13258
[1786047868.901380778] t:490.07s enc:0.0 des:0.0 err:0.0 cur:-0 cmd:-0 | pub:0ms ret:0 lp:13272
[1786047869.001421778] t:490.17s enc:0.0 des:0.0 err:0.0 cur:-0 cmd:-0 | pub:0ms ret:0 lp:13278
[1786047869.101333778] t:490.27s enc:0.0 des:0.0 err:0.0 cur:-0 cmd:-0 | pub:0ms ret:0 lp:13263
[1786047869.201193778] t:490.37s enc:0.0 des:0.0 err:0.0 cur:-0 cmd:-0 | pub:0ms ret:0 lp:13281
[1786047869.301369778] t:490.47s enc:0.0 des:0.0 err:0.0 cur:-0 cmd:-0 | pub:0ms ret:0 lp:13279
[1786047869.401404778] t:490.57s enc:0.0 des:0.0 err:0.0 cur:-0 cmd:-0 | pub:0ms ret:0 lp:13273
[1786047869.501221778] t:490.67s enc:0.0 des:0.0 err:0.0 cur:-0 cmd:-0 | pub:0ms ret:0 lp:13278
[1786047869.601349778] t:490.77s enc:0.0 des:0.0 err:0.0 cur:-0 cmd:-0 | pub:0ms ret:0 lp:13303
[1786047869.701117778] t:490.87s enc:0.0 des:0.0 err:0.0 cur:-0 cmd:-0 | pub:0ms ret:0 lp:13286
[1786047869.801158778] t:490.97s enc:0.0 des:0.0 err:0.0 cur:-0 cmd:-0 | pub:0ms ret:0 lp:13317
[1786047869.901412778] t:491.07s enc:0.0 des:0.0 err:0.0 cur:-0 cmd:-0 | pub:0ms ret:0 lp:13315
[1786047870.001588778] t:491.17s enc:0.0 des:0.0 err:0.0 cur:-0 cmd:-0 | pub:0ms ret:0 lp:13281
[1786047870.101314778] t:491.27s enc:0.0 des:0.0 err:0.0 cur:-0 cmd:-0 | pub:0ms ret:0 lp:13249
[1786047870.298072778] [watchdog] ping result: 0 | ros_connected: 1 | heap: 178424
[1786047870.301607778] t:491.47s enc:0.0 des:0.0 err:0.0 cur:-0 cmd:-0 | pub:1ms ret:0 lp:12995
[1786047870.400482778] t:491.57s enc:0.0 des:0.0 err:0.0 cur:-0 cmd:-0 | pub:0ms ret:0 lp:13098
[1786047870.500558778] t:491.67s enc:0.0 des:0.0 err:0.0 cur:-0 cmd:-0 | pub:0ms ret:0 lp:13252
[1786047870.600304778] t:491.77s enc:0.0 des:0.0 err:0.0 cur:-0 cmd:-0 | pub:0ms ret:0 lp:13246
[1786047870.700293778] t:491.87s enc:0.0 des:0.0 err:0.0 cur:-0 cmd:-0 | pub:0ms ret:0 lp:13286
[1786047870.800377778] t:491.97s enc:0.0 des:0.0 err:0.0 cur:-0 cmd:-0 | pub:0ms ret:0 lp:13280
[1786047870.900398778] t:492.07s enc:0.0 des:0.0 err:0.0 cur:-0 cmd:-0 | pub:0ms ret:0 lp:13283
[1786047871.000437778] t:492.17s enc:0.0 des:0.0 err:0.0 cur:-0 cmd:-0 | pub:0ms ret:0 lp:13283
[1786047871.100364778] t:492.27s enc:0.0 des:0.0 err:0.0 cur:-0 cmd:-0 | pub:0ms ret:0 lp:13273
[1786047871.200402778] t:492.37s enc:0.0 des:0.0 err:0.0 cur:-0 cmd:-0 | pub:0ms ret:0 lp:13279
[1786047871.300253778] t:492.47s enc:0.0 des:0.0 err:0.0 cur:-0 cmd:-0 | pub:0ms ret:0 lp:13274
[1786047871.400457778] t:492.57s enc:0.0 des:0.0 err:0.0 cur:-0 cmd:-0 | pub:0ms ret:0 lp:13297
[1786047871.500489778] t:492.67s enc:0.0 des:0.0 err:0.0 cur:-0 cmd:-0 | pub:0ms ret:0 lp:13268
[1786047871.600588778] t:492.77s enc:0.0 des:0.0 err:0.0 cur:-0 cmd:-0 | pub:0ms ret:0 lp:13224
[1786047871.700429778] t:492.87s enc:0.0 des:0.0 err:0.0 cur:-0 cmd:-0 | pub:0ms ret:0 lp:13228
[1786047871.800262778] t:492.97s enc:0.0 des:0.0 err:0.0 cur:-0 cmd:-0 | pub:0ms ret:0 lp:13247
[1786047871.900274778] t:493.07s enc:0.0 des:0.0 err:0.0 cur:-0 cmd:-0 | pub:0ms ret:0 lp:13271
[1786047872.000423778] t:493.17s enc:0.0 des:0.0 err:0.0 cur:-0 cmd:-0 | pub:0ms ret:0 lp:13272
[1786047872.100395778] t:493.27s enc:0.0 des:0.0 err:0.0 cur:-0 cmd:-0 | pub:0ms ret:0 lp:13256
[1786047872.200491778] t:493.37s enc:0.0 des:0.0 err:0.0 cur:-0 cmd:-0 | pub:0ms ret:0 lp:13263
[1786047872.300450778] t:493.47s enc:0.0 des:0.0 err:0.0 cur:-0 cmd:-0 | pub:0ms ret:0 lp:13251
[1786047872.400347778] t:493.57s enc:0.0 des:0.0 err:0.0 cur:-0 cmd:-0 | pub:0ms ret:0 lp:13248
[1786047872.500459778] t:493.67s enc:0.0 des:0.0 err:0.0 cur:-0 cmd:-0 | pub:0ms ret:0 lp:13255
[1786047872.600331778] t:493.77s enc:0.0 des:0.0 err:0.0 cur:-0 cmd:-0 | pub:0ms ret:0 lp:13255
[1786047872.700117778] t:493.87s enc:0.0 des:0.0 err:0.0 cur:-0 cmd:-0 | pub:0ms ret:0 lp:13243
[1786047872.800281778] t:493.97s enc:0.0 des:0.0 err:0.0 cur:-0 cmd:-0 | pub:0ms ret:0 lp:13289
[1786047872.900250778] t:494.07s enc:0.0 des:0.0 err:0.0 cur:-0 cmd:-0 | pub:0ms ret:0 lp:13282
[1786047873.000366778] t:494.17s enc:0.0 des:0.0 err:0.0 cur:-0 cmd:-0 | pub:0ms ret:0 lp:13289
[1786047873.100525778] t:494.27s enc:0.0 des:0.0 err:0.0 cur:-0 cmd:-0 | pub:0ms ret:0 lp:13274
[1786047873.200421778] t:494.37s enc:0.0 des:0.0 err:0.0 cur:-0 cmd:-0 | pub:0ms ret:0 lp:13244
[1786047873.300435778] t:494.47s enc:0.0 des:0.0 err:0.0 cur:-0 cmd:-0 | pub:0ms ret:0 lp:13265
[1786047873.400417778] t:494.57s enc:0.0 des:0.0 err:0.0 cur:-0 cmd:-0 | pub:0ms ret:0 lp:13263
[1786047873.500384778] t:494.67s enc:0.0 des:0.0 err:0.0 cur:-0 cmd:-0 | pub:0ms ret:0 lp:13262
[1786047873.600469778] t:494.77s enc:0.0 des:0.0 err:0.0 cur:-0 cmd:-0 | pub:0ms ret:0 lp:13282
[1786047873.700447778] t:494.87s enc:0.0 des:0.0 err:0.0 cur:-0 cmd:-0 | pub:0ms ret:0 lp:13255
[1786047873.800450778] t:494.97s enc:0.0 des:0.0 err:0.0 cur:-0 cmd:-0 | pub:0ms ret:0 lp:13228
[1786047873.900188778] t:495.07s enc:0.0 des:0.0 err:0.0 cur:-0 cmd:-0 | pub:0ms ret:0 lp:13268
[1786047874.000289778] t:495.17s enc:0.0 des:0.0 err:0.0 cur:-0 cmd:-0 | pub:0ms ret:0 lp:13294
[1786047874.100512778] t:495.27s enc:0.0 des:0.0 err:0.0 cur:-0 cmd:-0 | pub:0ms ret:0 lp:13305
[1786047874.200406778] t:495.37s enc:0.0 des:0.0 err:0.0 cur:-0 cmd:-0 | pub:0ms ret:0 lp:13266
[1786047874.300262778] t:495.47s enc:0.0 des:0.0 err:0.0 cur:-0 cmd:-0 | pub:0ms ret:0 lp:13280
[1786047874.400228778] t:495.57s enc:0.0 des:0.0 err:0.0 cur:-0 cmd:-0 | pub:0ms ret:0 lp:13280
[1786047874.500396778] t:495.67s enc:0.0 des:0.0 err:0.0 cur:-0 cmd:-0 | pub:0ms ret:0 lp:13300
[1786047874.600446778] t:495.77s enc:0.0 des:0.0 err:0.0 cur:-0 cmd:-0 | pub:0ms ret:0 lp:13272
[1786047874.700506778] t:495.87s enc:0.0 des:0.0 err:0.0 cur:-0 cmd:-0 | pub:0ms ret:0 lp:13275
[1786047874.800417778] t:495.97s enc:0.0 des:0.0 err:0.0 cur:-0 cmd:-0 | pub:0ms ret:0 lp:13253
[1786047874.900431778] t:496.07s enc:0.0 des:0.0 err:0.0 cur:-0 cmd:-0 | pub:0ms ret:0 lp:13277
[1786047875.000287778] t:496.17s enc:0.0 des:0.0 err:0.0 cur:-0 cmd:-0 | pub:0ms ret:0 lp:13247
[1786047875.100319778] t:496.27s enc:0.0 des:0.0 err:0.0 cur:-0 cmd:-0 | pub:0ms ret:0 lp:13286
[1786047875.298077778] [watchdog] ping result: 0 | ros_connected: 1 | heap: 178424
[1786047875.301372778] t:496.47s enc:0.0 des:0.0 err:0.0 cur:-0 cmd:-0 | pub:0ms ret:0 lp:13145
[1786047875.401597778] t:496.57s enc:0.0 des:0.0 err:0.0 cur:-0 cmd:-0 | pub:0ms ret:0 lp:13280
[1786047875.501525778] t:496.67s enc:0.0 des:0.0 err:0.0 cur:-0 cmd:-0 | pub:0ms ret:0 lp:13228
[1786047875.601428778] t:496.77s enc:0.0 des:0.0 err:0.0 cur:-0 cmd:-0 | pub:0ms ret:0 lp:13260
[1786047875.701508778] t:496.87s enc:0.0 des:0.0 err:0.0 cur:-0 cmd:-0 | pub:0ms ret:0 lp:13277
[1786047875.801293778] t:496.97s enc:0.0 des:0.0 err:0.0 cur:-0 cmd:-0 | pub:0ms ret:0 lp:13245
[1786047875.901399778] t:497.07s enc:0.0 des:0.0 err:0.0 cur:-0 cmd:-0 | pub:0ms ret:0 lp:13283
[1786047876.001382778] t:497.17s enc:0.0 des:0.0 err:0.0 cur:-0 cmd:-0 | pub:0ms ret:0 lp:13286
[1786047876.101294778] t:497.27s enc:0.0 des:0.0 err:0.0 cur:-0 cmd:-0 | pub:0ms ret:0 lp:13246
[1786047876.201370778] t:497.37s enc:0.0 des:0.0 err:0.0 cur:-0 cmd:-0 | pub:0ms ret:0 lp:13282
[1786047876.301408778] t:497.47s enc:0.0 des:0.0 err:0.0 cur:-0 cmd:-0 | pub:0ms ret:0 lp:13276
[1786047876.401252778] t:497.57s enc:0.0 des:0.0 err:0.0 cur:-0 cmd:-0 | pub:0ms ret:0 lp:13275
[1786047876.501250778] t:497.67s enc:0.0 des:0.0 err:0.0 cur:-0 cmd:-0 | pub:0ms ret:0 lp:13297
[1786047876.601254778] t:497.77s enc:0.0 des:0.0 err:0.0 cur:-0 cmd:-0 | pub:0ms ret:0 lp:13302
[1786047876.701276778] t:497.87s enc:0.0 des:0.0 err:0.0 cur:-0 cmd:-0 | pub:0ms ret:0 lp:13306
[1786047876.801424778] t:497.97s enc:0.0 des:0.0 err:0.0 cur:-0 cmd:-0 | pub:0ms ret:0 lp:13279
[1786047876.901384778] t:498.07s enc:0.0 des:0.0 err:0.0 cur:-0 cmd:-0 | pub:0ms ret:0 lp:13269
[1786047877.001364778] t:498.17s enc:0.0 des:0.0 err:0.0 cur:-0 cmd:-0 | pub:0ms ret:0 lp:13277
[1786047877.101419778] t:498.27s enc:0.0 des:0.0 err:0.0 cur:-0 cmd:-0 | pub:0ms ret:0 lp:13273
[1786047877.201530778] t:498.37s enc:0.0 des:0.0 err:0.0 cur:-0 cmd:-0 | pub:0ms ret:0 lp:13240
[1786047877.301352778] t:498.47s enc:0.0 des:0.0 err:0.0 cur:-0 cmd:-0 | pub:0ms ret:0 lp:13250
[1786047877.384293778] teleop freq received: 0.100 Hz
[1786047877.384924778] Computed phase shift: -13.279 rad
[1786047877.401249778] t:498.57s enc:0.0 des:8.8 err:8.8 cur:0 cmd:0 | pub:0ms ret:0 lp:13155
[1786047877.501525778] t:498.67s enc:0.0 des:481.5 err:481.5 cur:8 cmd:4 | pub:0ms ret:0 lp:13285
[1786047877.601278778] t:498.77s enc:0.0 des:1651.1 err:1651.1 cur:112 cmd:16 | pub:0ms ret:0 lp:13233
[1786047877.701500778] t:498.87s enc:0.0 des:3530.6 err:3530.6 cur:184 cmd:35 | pub:0ms ret:0 lp:13201
[1786047877.801476778] t:498.97s enc:896.7 des:6106.5 err:5209.8 cur:447 cmd:52 | pub:0ms ret:0 lp:13196
[1786047877.901563778] t:499.07s enc:3885.6 des:9395.2 err:5509.6 cur:471 cmd:55 | pub:0ms ret:0 lp:13184
[1786047878.002116778] t:499.17s enc:8070.1 des:13346.3 err:5276.2 cur:535 cmd:52 | pub:1ms ret:0 lp:13185
[1786047878.101472778] t:499.27s enc:12553.6 des:17896.9 err:5343.3 cur:420 cmd:53 | pub:0ms ret:0 lp:13116
[1786047878.201505778] t:499.37s enc:17933.6 des:23131.9 err:5198.3 cur:475 cmd:51 | pub:0ms ret:0 lp:13208
[1786047878.301448778] t:499.47s enc:23612.6 des:28982.8 err:5370.2 cur:516 cmd:53 | pub:0ms ret:0 lp:13195
[1786047878.401479778] t:499.57s enc:29889.4 des:35429.4 err:5539.9 cur:442 cmd:55 | pub:0ms ret:0 lp:13220
[1786047878.501526778] t:499.67s enc:37062.9 des:42448.4 err:5385.6 cur:436 cmd:53 | pub:0ms ret:0 lp:13158
[1786047878.601734778] t:499.77s enc:44236.3 des:50070.1 err:5833.8 cur:519 cmd:58 | pub:1ms ret:0 lp:13199
[1786047878.701429778] t:499.87s enc:52306.5 des:58085.4 err:5779.0 cur:425 cmd:57 | pub:0ms ret:0 lp:13154
[1786047878.801637778] t:499.97s enc:60675.5 des:66641.7 err:5966.2 cur:399 cmd:59 | pub:0ms ret:0 lp:13188
[1786047878.901426778] t:500.07s enc:69343.4 des:75712.9 err:6369.5 cur:473 cmd:63 | pub:0ms ret:0 lp:13166
[1786047879.001620778] t:500.17s enc:78609.1 des:85058.0 err:6448.9 cur:592 cmd:64 | pub:0ms ret:0 lp:13184
[1786047879.101561778] t:500.27s enc:88173.8 des:94921.2 err:6747.4 cur:411 cmd:67 | pub:0ms ret:0 lp:13174
[1786047879.201578778] t:500.37s enc:98037.3 des:104974.5 err:6937.2 cur:571 cmd:69 | pub:0ms ret:0 lp:13167
[1786047879.301386778] t:500.47s enc:108498.5 des:115396.9 err:6898.4 cur:612 cmd:68 | pub:0ms ret:0 lp:13182
[1786047879.401411778] t:500.57s enc:118660.9 des:126071.0 err:7410.1 cur:603 cmd:74 | pub:0ms ret:0 lp:13201
[1786047879.501583778] t:500.67s enc:129421.1 des:136961.2 err:7540.1 cur:696 cmd:75 | pub:0ms ret:0 lp:13160
[1786047879.601514778] t:500.77s enc:139882.4 des:148021.3 err:8138.8 cur:548 cmd:81 | pub:0ms ret:0 lp:13154
[1786047879.701613778] t:500.87s enc:151240.4 des:159207.5 err:7967.1 cur:617 cmd:79 | pub:0ms ret:0 lp:13137
[1786047879.801448778] t:500.97s enc:162000.6 des:170475.9 err:8475.3 cur:575 cmd:84 | pub:0ms ret:0 lp:13103
[1786047879.901628778] t:501.07s enc:173358.6 des:181778.4 err:8419.8 cur:664 cmd:84 | pub:0ms ret:0 lp:13101
[1786047880.001689778] t:501.17s enc:184118.8 des:193077.3 err:8958.6 cur:736 cmd:89 | pub:0ms ret:0 lp:13018
[1786047880.101427778] t:501.27s enc:195476.7 des:204324.6 err:8847.9 cur:784 cmd:88 | pub:0ms ret:0 lp:13085
[1786047880.298072778] [watchdog] ping result: 0 | ros_connected: 1 | heap: 178424
[1786047880.301645778] t:501.47s enc:217594.9 des:226593.9 err:8999.0 cur:1011 cmd:89 | pub:0ms ret:0 lp:12932
[1786047880.400707778] t:501.57s enc:227757.3 des:237292.1 err:9534.8 cur:1028 cmd:95 | pub:1ms ret:0 lp:13046
[1786047880.500583778] t:501.67s enc:237919.7 des:247811.0 err:9891.4 cur:991 cmd:98 | pub:0ms ret:0 lp:13166
[1786047880.600425778] t:501.77s enc:247783.2 des:258147.4 err:10364.2 cur:935 cmd:103 | pub:0ms ret:0 lp:13204
[1786047880.700606778] t:501.87s enc:257945.6 des:268172.4 err:10226.8 cur:1129 cmd:102 | pub:0ms ret:0 lp:13186
[1786047880.800588778] t:501.97s enc:267211.3 des:277852.4 err:10641.1 cur:1066 cmd:106 | pub:0ms ret:0 lp:13179
[1786047880.900599778] t:502.07s enc:276775.9 des:287215.5 err:10439.6 cur:1003 cmd:104 | pub:0ms ret:0 lp:13182
[1786047881.000623778] t:502.17s enc:285443.8 des:296077.8 err:10634.0 cur:1180 cmd:106 | pub:0ms ret:0 lp:13183
[1786047881.100547778] t:502.27s enc:293514.0 des:304430.1 err:10916.1 cur:1012 cmd:109 | pub:0ms ret:0 lp:13178
[1786047881.200510778] t:502.37s enc:301584.1 des:312349.6 err:10765.4 cur:1219 cmd:107 | pub:0ms ret:0 lp:13188
[1786047881.300557778] t:502.47s enc:308458.7 des:319749.2 err:11290.5 cur:1097 cmd:112 | pub:0ms ret:0 lp:13193
[1786047881.400776778] t:502.57s enc:315333.2 des:326645.2 err:11312.0 cur:1207 cmd:113 | pub:0ms ret:0 lp:13185
[1786047881.500582778] t:502.67s enc:321908.9 des:332866.6 err:10957.7 cur:1009 cmd:109 | pub:0ms ret:0 lp:13141
[1786047881.600648778] t:502.77s enc:327289.0 des:338570.2 err:11281.2 cur:1352 cmd:112 | pub:0ms ret:0 lp:13185
[1786047881.700601778] t:502.87s enc:331772.4 des:343571.5 err:11799.1 cur:1259 cmd:117 | pub:0ms ret:0 lp:13164
[1786047881.800624778] t:502.97s enc:334761.4 des:347966.3 err:13205.0 cur:1459 cmd:132 | pub:0ms ret:0 lp:13126
[1786047881.900721778] t:503.07s enc:338945.9 des:351698.2 err:12752.4 cur:1507 cmd:127 | pub:0ms ret:0 lp:13172
[1786047882.000421778] t:503.17s enc:342532.6 des:354752.4 err:12219.8 cur:1197 cmd:122 | pub:0ms ret:0 lp:13147
[1786047882.100703778] t:503.27s enc:344923.8 des:357129.2 err:12205.4 cur:1335 cmd:122 | pub:0ms ret:0 lp:13206
[1786047882.200491778] t:503.37s enc:346119.3 des:358781.9 err:12662.5 cur:1372 cmd:126 | pub:0ms ret:0 lp:13153
[1786047882.300375778] t:503.47s enc:348510.5 des:359741.8 err:11231.3 cur:1264 cmd:112 | pub:0ms ret:0 lp:13191
[1786047882.400519778] t:503.57s enc:348510.5 des:359992.3 err:11481.8 cur:1169 cmd:114 | pub:0ms ret:0 lp:13209
[1786047882.500495778] t:503.67s enc:348510.5 des:359525.1 err:11014.6 cur:1056 cmd:110 | pub:0ms ret:0 lp:13175
[1786047882.600738778] t:503.77s enc:348510.5 des:358363.8 err:9853.2 cur:1168 cmd:98 | pub:0ms ret:0 lp:13205
[1786047882.700438778] t:503.87s enc:348510.5 des:356491.8 err:7981.3 cur:842 cmd:79 | pub:0ms ret:0 lp:13170
[1786047882.800606778] t:503.97s enc:348510.5 des:353922.8 err:5412.3 cur:504 cmd:54 | pub:0ms ret:0 lp:13202
[1786047882.900393778] t:504.07s enc:348510.5 des:350667.4 err:2156.9 cur:261 cmd:21 | pub:0ms ret:0 lp:13185
[1786047883.000462778] t:504.17s enc:347314.9 des:346738.3 err:-576.6 cur:-0 cmd:-5 | pub:0ms ret:0 lp:13184
[1786047883.100581778] t:504.27s enc:343429.3 des:342151.1 err:-1278.2 cur:-12 cmd:-12 | pub:0ms ret:0 lp:13213
[1786047883.200667778] t:504.37s enc:338647.0 des:336886.7 err:-1760.3 cur:-115 cmd:-17 | pub:0ms ret:0 lp:13182
[1786047883.300431778] t:504.47s enc:332669.1 des:331079.2 err:-1589.9 cur:-33 cmd:-15 | pub:0ms ret:0 lp:13167
[1786047883.400700778] t:504.57s enc:326392.3 des:324636.4 err:-1755.9 cur:-37 cmd:-17 | pub:0ms ret:0 lp:13207
[1786047883.500749778] t:504.67s enc:319517.8 des:317622.8 err:-1894.9 cur:-65 cmd:-18 | pub:0ms ret:0 lp:13143
[1786047883.600458778] t:504.77s enc:312045.4 des:310008.7 err:-2036.7 cur:-20 cmd:-20 | pub:0ms ret:0 lp:13164
[1786047883.700457778] t:504.87s enc:303975.3 des:301998.3 err:-1977.0 cur:-30 cmd:-19 | pub:0ms ret:0 lp:13193
[1786047883.800668778] t:504.97s enc:295606.2 des:293446.7 err:-2159.5 cur:-103 cmd:-21 | pub:0ms ret:0 lp:13187
[1786047883.900389778] t:505.07s enc:286639.4 des:284447.4 err:-2192.0 cur:-40 cmd:-21 | pub:0ms ret:0 lp:13174
[1786047884.000729778] t:505.17s enc:277074.8 des:274959.6 err:-2115.2 cur:-95 cmd:-21 | pub:1ms ret:0 lp:13217
[1786047884.100723778] t:505.27s enc:267510.2 des:265176.1 err:-2334.1 cur:-104 cmd:-23 | pub:0ms ret:0 lp:13122
[1786047884.200598778] t:505.37s enc:257347.8 des:255129.0 err:-2218.8 cur:-56 cmd:-22 | pub:0ms ret:0 lp:13163
[1786047884.300441778] t:505.47s enc:246886.5 des:244709.4 err:-2177.1 cur:-47 cmd:-21 | pub:0ms ret:0 lp:13193
[1786047884.400687778] t:505.57s enc:236425.2 des:234034.3 err:-2390.9 cur:-31 cmd:-23 | pub:0ms ret:0 lp:13210
[1786047884.500600778] t:505.67s enc:225366.1 des:223146.0 err:-2220.1 cur:-111 cmd:-22 | pub:0ms ret:0 lp:13148
[1786047884.600560778] t:505.77s enc:214307.0 des:212087.4 err:-2219.7 cur:-85 cmd:-22 | pub:0ms ret:0 lp:13176
[1786047884.700627778] t:505.87s enc:203248.0 des:200905.6 err:-2342.4 cur:-86 cmd:-23 | pub:0ms ret:0 lp:13180
[1786047884.800529778] t:505.97s enc:191890.0 des:189637.9 err:-2252.1 cur:-54 cmd:-22 | pub:0ms ret:0 lp:13166
[1786047884.900434778] t:506.07s enc:180532.0 des:178332.1 err:-2199.9 cur:-59 cmd:-21 | pub:0ms ret:0 lp:13199
[1786047885.000768778] t:506.17s enc:169174.0 des:166943.3 err:-2230.7 cur:-151 cmd:-22 | pub:1ms ret:0 lp:13212
[1786047885.100602778] t:506.27s enc:158115.0 des:155784.8 err:-2330.1 cur:-103 cmd:-23 | pub:0ms ret:0 lp:13157
[1786047885.298077778] [watchdog] ping result: 0 | ros_connected: 1 | heap: 178424
[1786047885.301608778] t:506.47s enc:135697.9 des:133406.1 err:-2291.8 cur:-167 cmd:-22 | pub:0ms ret:0 lp:13021
[1786047885.401650778] t:506.57s enc:125236.6 des:122688.3 err:-2548.3 cur:-116 cmd:-25 | pub:0ms ret:0 lp:13173
[1786047885.501471778] t:506.67s enc:114476.4 des:111994.0 err:-2482.5 cur:-99 cmd:-24 | pub:0ms ret:0 lp:13152
[1786047885.601589778] t:506.77s enc:104314.0 des:101753.1 err:-2561.0 cur:-95 cmd:-25 | pub:0ms ret:0 lp:13196
[1786047885.701612778] t:506.87s enc:94151.6 des:91728.3 err:-2423.3 cur:-20 cmd:-24 | pub:0ms ret:0 lp:13181
[1786047885.801666778] t:506.97s enc:84288.1 des:81985.4 err:-2302.7 cur:-43 cmd:-23 | pub:0ms ret:0 lp:13174
[1786047885.901443778] t:507.07s enc:75022.4 des:72706.9 err:-2315.5 cur:-139 cmd:-23 | pub:0ms ret:0 lp:13172
[1786047886.001610778] t:507.17s enc:66354.5 des:63898.4 err:-2456.0 cur:-64 cmd:-24 | pub:0ms ret:0 lp:13188
[1786047886.101559778] t:507.27s enc:57686.6 des:55432.8 err:-2253.8 cur:-124 cmd:-22 | pub:0ms ret:0 lp:13186
[1786047886.201637778] t:507.37s enc:49915.3 des:47517.1 err:-2398.2 cur:-88 cmd:-23 | pub:0ms ret:0 lp:13172
[1786047886.301683778] t:507.47s enc:42443.0 des:40179.0 err:-2263.9 cur:-107 cmd:-22 | pub:0ms ret:0 lp:13146
[1786047886.401626778] t:507.57s enc:35568.4 des:33338.7 err:-2229.7 cur:-101 cmd:-22 | pub:0ms ret:0 lp:13159
[1786047886.501373778] t:507.67s enc:29291.6 des:27075.1 err:-2216.5 cur:-79 cmd:-22 | pub:0ms ret:0 lp:13176
[1786047886.601646778] t:507.77s enc:23612.6 des:21372.7 err:-2240.0 cur:-168 cmd:-22 | pub:0ms ret:0 lp:13204
[1786047886.701279778] t:507.87s enc:18232.5 des:16347.9 err:-1884.6 cur:-47 cmd:-18 | pub:0ms ret:0 lp:13176
[1786047886.801402778] t:507.97s enc:14048.0 des:11992.7 err:-2055.3 cur:-96 cmd:-20 | pub:0ms ret:0 lp:13222
[1786047886.902185778] t:508.07s enc:10461.3 des:8234.5 err:-2226.8 cur:-104 cmd:-22 | pub:1ms ret:0 lp:13236
[1786047887.001473778] t:508.17s enc:7173.5 des:5201.3 err:-1972.1 cur:-171 cmd:-19 | pub:0ms ret:0 lp:13136
[1786047887.101698778] t:508.27s enc:4483.4 des:2848.1 err:-1635.3 cur:-81 cmd:-16 | pub:1ms ret:0 lp:13194
[1786047887.201496778] t:508.37s enc:2988.9 des:1195.0 err:-1793.9 cur:-95 cmd:-17 | pub:0ms ret:0 lp:13161
[1786047887.301410778] t:508.47s enc:2092.3 des:252.1 err:-1840.1 cur:-112 cmd:-18 | pub:0ms ret:0 lp:13198
[1786047887.401611778] t:508.57s enc:1195.6 des:8.8 err:-1186.8 cur:-119 cmd:-11 | pub:0ms ret:0 lp:13212
[1786047887.501662778] t:508.67s enc:1195.6 des:475.7 err:-719.9 cur:-55 cmd:-7 | pub:0ms ret:0 lp:13168
[1786047887.601444778] t:508.77s enc:1195.6 des:1662.8 err:467.3 cur:0 cmd:4 | pub:0ms ret:0 lp:13188
[1786047887.701509778] t:508.87s enc:1195.6 des:3545.6 err:2350.0 cur:176 cmd:23 | pub:0ms ret:0 lp:13226
[1786047887.801578778] t:508.97s enc:2690.0 des:6106.5 err:3416.5 cur:296 cmd:34 | pub:0ms ret:0 lp:13124
[1786047887.901467778] t:509.07s enc:5380.1 des:9395.2 err:4015.1 cur:320 cmd:40 | pub:0ms ret:0 lp:13181
[1786047888.001602778] t:509.17s enc:9265.7 des:13303.3 err:4037.6 cur:239 cmd:40 | pub:0ms ret:0 lp:13183
[1786047888.003524778] teleop freq received: 0.000 Hz
[1786047888.004115778] Computed phase shift: 6.672 rad
[1786047888.101604778] t:509.27s enc:10162.4 des:13443.3 err:3280.9 cur:294 cmd:32 | pub:0ms ret:0 lp:13061
[1786047888.201705778] t:509.37s enc:10162.4 des:13443.3 err:3280.9 cur:290 cmd:32 | pub:0ms ret:0 lp:13205
[1786047888.301724778] t:509.47s enc:10162.4 des:13443.3 err:3280.9 cur:306 cmd:32 | pub:0ms ret:0 lp:13189
[1786047888.401602778] t:509.57s enc:10162.4 des:13443.3 err:3280.9 cur:296 cmd:32 | pub:0ms ret:0 lp:13177
[1786047888.501522778] t:509.67s enc:10162.4 des:13443.3 err:3280.9 cur:307 cmd:32 | pub:0ms ret:0 lp:13201
[1786047888.601451778] t:509.77s enc:10162.4 des:13443.3 err:3280.9 cur:279 cmd:32 | pub:0ms ret:0 lp:13208
[1786047888.701578778] t:509.87s enc:10162.4 des:13443.3 err:3280.9 cur:303 cmd:32 | pub:0ms ret:0 lp:13216
[1786047888.801609778] t:509.97s enc:10162.4 des:13443.3 err:3280.9 cur:272 cmd:32 | pub:0ms ret:0 lp:13197
[1786047888.901578778] t:510.07s enc:10162.4 des:13443.3 err:3280.9 cur:284 cmd:32 | pub:0ms ret:0 lp:13203
[1786047889.001611778] t:510.17s enc:10162.4 des:13443.3 err:3280.9 cur:302 cmd:32 | pub:0ms ret:0 lp:13212
[1786047889.101569778] t:510.27s enc:10162.4 des:13443.3 err:3280.9 cur:263 cmd:32 | pub:0ms ret:0 lp:13184
[1786047889.201470778] t:510.37s enc:10162.4 des:13443.3 err:3280.9 cur:323 cmd:32 | pub:0ms ret:0 lp:13172
[1786047889.301600778] t:510.47s enc:10162.4 des:13443.3 err:3280.9 cur:248 cmd:32 | pub:0ms ret:0 lp:13224
[1786047889.401521778] t:510.57s enc:10162.4 des:13443.3 err:3280.9 cur:352 cmd:32 | pub:0ms ret:0 lp:13206
[1786047889.501414778] t:510.67s enc:10162.4 des:13443.3 err:3280.9 cur:344 cmd:32 | pub:0ms ret:0 lp:13188
[1786047889.601624778] t:510.77s enc:10162.4 des:13443.3 err:3280.9 cur:277 cmd:32 | pub:0ms ret:0 lp:13221
[1786047889.701516778] t:510.87s enc:10461.3 des:13443.3 err:2982.0 cur:237 cmd:29 | pub:0ms ret:0 lp:13188
[1786047889.801519778] t:510.97s enc:10461.3 des:13443.3 err:2982.0 cur:291 cmd:29 | pub:0ms ret:0 lp:13197
[1786047889.901395778] t:511.07s enc:10461.3 des:13443.3 err:2982.0 cur:279 cmd:29 | pub:0ms ret:0 lp:13200
[1786047890.001423778] t:511.17s enc:10461.3 des:13443.3 err:2982.0 cur:248 cmd:29 | pub:0ms ret:0 lp:13223
[1786047890.101690778] t:511.27s enc:10461.3 des:13443.3 err:2982.0 cur:312 cmd:29 | pub:0ms ret:0 lp:13211
[1786047890.298083778] [watchdog] ping result: 0 | ros_connected: 1 | heap: 178424
[1786047890.301669778] t:511.47s enc:10461.3 des:13443.3 err:2982.0 cur:283 cmd:29 | pub:0ms ret:0 lp:12901
[1786047890.401490778] t:511.57s enc:10461.3 des:13443.3 err:2982.0 cur:267 cmd:29 | pub:0ms ret:0 lp:13178
[1786047890.501569778] t:511.67s enc:10461.3 des:13443.3 err:2982.0 cur:244 cmd:29 | pub:0ms ret:0 lp:13201
[1786047890.601638778] t:511.77s enc:10461.3 des:13443.3 err:2982.0 cur:240 cmd:29 | pub:0ms ret:0 lp:13206
[1786047890.701433778] t:511.87s enc:10461.3 des:13443.3 err:2982.0 cur:223 cmd:29 | pub:0ms ret:0 lp:13193
[1786047890.801782778] t:511.97s enc:10461.3 des:13443.3 err:2982.0 cur:264 cmd:29 | pub:1ms ret:0 lp:13207
[1786047890.901440778] t:512.07s enc:10461.3 des:13443.3 err:2982.0 cur:263 cmd:29 | pub:0ms ret:0 lp:13161
[1786047891.001581778] t:512.17s enc:10461.3 des:13443.3 err:2982.0 cur:232 cmd:29 | pub:0ms ret:0 lp:13222
[1786047891.101494778] t:512.27s enc:10461.3 des:13443.3 err:2982.0 cur:287 cmd:29 | pub:0ms ret:0 lp:13201
[1786047891.201579778] t:512.37s enc:10461.3 des:13443.3 err:2982.0 cur:214 cmd:29 | pub:0ms ret:0 lp:13237
[1786047891.301506778] t:512.47s enc:10461.3 des:13443.3 err:2982.0 cur:266 cmd:29 | pub:0ms ret:0 lp:13214
[1786047891.401600778] t:512.57s enc:10461.3 des:13443.3 err:2982.0 cur:264 cmd:29 | pub:0ms ret:0 lp:13216
[1786047891.501499778] t:512.67s enc:10461.3 des:13443.3 err:2982.0 cur:279 cmd:29 | pub:0ms ret:0 lp:13182
[1786047891.601633778] t:512.77s enc:10461.3 des:13443.3 err:2982.0 cur:280 cmd:29 | pub:0ms ret:0 lp:13214
[1786047891.701625778] t:512.87s enc:10461.3 des:13443.3 err:2982.0 cur:265 cmd:29 | pub:0ms ret:0 lp:13203
[1786047891.801781778] t:512.97s enc:10461.3 des:13443.3 err:2982.0 cur:225 cmd:29 | pub:0ms ret:0 lp:13194
[1786047891.901504778] t:513.07s enc:10461.3 des:13443.3 err:2982.0 cur:235 cmd:29 | pub:0ms ret:0 lp:13175
[1786047892.001632778] t:513.17s enc:10461.3 des:13443.3 err:2982.0 cur:239 cmd:29 | pub:0ms ret:0 lp:13199
[1786047892.101374778] t:513.27s enc:10461.3 des:13443.3 err:2982.0 cur:280 cmd:29 | pub:0ms ret:0 lp:13198
[1786047892.201615778] t:513.37s enc:10461.3 des:13443.3 err:2982.0 cur:245 cmd:29 | pub:0ms ret:0 lp:13234
[1786047892.301612778] t:513.47s enc:10461.3 des:13443.3 err:2982.0 cur:247 cmd:29 | pub:0ms ret:0 lp:13198
[1786047892.401594778] t:513.57s enc:10461.3 des:13443.3 err:2982.0 cur:232 cmd:29 | pub:0ms ret:0 lp:13204
[1786047892.501696778] t:513.67s enc:10461.3 des:13443.3 err:2982.0 cur:289 cmd:29 | pub:0ms ret:0 lp:13202
[1786047892.601636778] t:513.77s enc:10461.3 des:13443.3 err:2982.0 cur:279 cmd:29 | pub:0ms ret:0 lp:13146
[1786047892.701479778] t:513.87s enc:10461.3 des:13443.3 err:2982.0 cur:279 cmd:29 | pub:0ms ret:0 lp:13166
[1786047892.801575778] t:513.97s enc:10461.3 des:13443.3 err:2982.0 cur:232 cmd:29 | pub:0ms ret:0 lp:13182
[1786047892.901574778] t:514.07s enc:10461.3 des:13443.3 err:2982.0 cur:240 cmd:29 | pub:0ms ret:0 lp:13193
[1786047893.001507778] t:514.17s enc:10461.3 des:13443.3 err:2982.0 cur:260 cmd:29 | pub:0ms ret:0 lp:13186
[1786047893.101728778] t:514.27s enc:10461.3 des:13443.3 err:2982.0 cur:217 cmd:29 | pub:0ms ret:0 lp:13193
[1786047893.201489778] t:514.37s enc:10461.3 des:13443.3 err:2982.0 cur:240 cmd:29 | pub:0ms ret:0 lp:13161
[1786047893.301585778] t:514.47s enc:10461.3 des:13443.3 err:2982.0 cur:281 cmd:29 | pub:0ms ret:0 lp:13179
[1786047893.401613778] t:514.57s enc:10461.3 des:13443.3 err:2982.0 cur:244 cmd:29 | pub:0ms ret:0 lp:13189
[1786047893.501458778] t:514.67s enc:10461.3 des:13443.3 err:2982.0 cur:264 cmd:29 | pub:0ms ret:0 lp:13190
[1786047893.601514778] t:514.77s enc:10461.3 des:13443.3 err:2982.0 cur:236 cmd:29 | pub:0ms ret:0 lp:13199
[1786047893.701591778] t:514.87s enc:10461.3 des:13443.3 err:2982.0 cur:264 cmd:29 | pub:0ms ret:0 lp:13167
[1786047893.801409778] t:514.97s enc:10461.3 des:13443.3 err:2982.0 cur:300 cmd:29 | pub:0ms ret:0 lp:13150
[1786047893.901272778] t:515.07s enc:10461.3 des:13443.3 err:2982.0 cur:271 cmd:29 | pub:0ms ret:0 lp:13201
[1786047894.001778778] t:515.17s enc:10461.3 des:13443.3 err:2982.0 cur:249 cmd:29 | pub:1ms ret:0 lp:13248
[1786047894.101492778] t:515.27s enc:10461.3 des:13443.3 err:2982.0 cur:264 cmd:29 | pub:0ms ret:0 lp:13160
